Archive member included to satisfy reference by file (symbol)

C:/Program Files/SEGGER/SEGGER Embedded Studio for ARM 5.10a/lib/libc_v7em_fpv4_sp_d16_hard_t_le_eabi.a(libc2.o)
                              Output/Release/Obj/ble_app_blinky_pca10056_s140/nrf_log_str_formatter.o (isprint)
C:/Program Files/SEGGER/SEGGER Embedded Studio for ARM 5.10a/lib/libc_v7em_fpv4_sp_d16_hard_t_le_eabi.a(libc2_asm.o)
                              Output/Release/Obj/ble_app_blinky_pca10056_s140/nrf_log_frontend.o (memcpy)
C:/Program Files/SEGGER/SEGGER Embedded Studio for ARM 5.10a/lib/libc_v7em_fpv4_sp_d16_hard_t_le_eabi.a(libvfprintf.o)
                              (__vfprintf_long)
C:/Program Files/SEGGER/SEGGER Embedded Studio for ARM 5.10a/lib/libc_v7em_fpv4_sp_d16_hard_t_le_eabi.a(libvfscanf.o)
                              (__vfscanf_long)
C:/Program Files/SEGGER/SEGGER Embedded Studio for ARM 5.10a/lib/libc_v7em_fpv4_sp_d16_hard_t_le_eabi.a(libc.o)
                              C:/Program Files/SEGGER/SEGGER Embedded Studio for ARM 5.10a/lib/libc_v7em_fpv4_sp_d16_hard_t_le_eabi.a(libc2.o) (__heap_lock)
C:/Program Files/SEGGER/SEGGER Embedded Studio for ARM 5.10a/lib/libc_v7em_fpv4_sp_d16_hard_t_le_eabi.a(libc_asm.o)
                              C:/Program Files/SEGGER/SEGGER Embedded Studio for ARM 5.10a/lib/libc_v7em_fpv4_sp_d16_hard_t_le_eabi.a(libc2.o) (__aeabi_uldivmod)
C:/Program Files/SEGGER/SEGGER Embedded Studio for ARM 5.10a/lib/libdebugio_v7em_fpv4_sp_d16_hard_t_le_eabi.a(libdebugio.o)
                              Output/Release/Obj/ble_app_blinky_pca10056_s140/thumb_crt0.o (debug_fopen)
C:/Program Files/SEGGER/SEGGER Embedded Studio for ARM 5.10a/lib/libdebugio_v7em_fpv4_sp_d16_hard_t_le_eabi.a(do_nv_debug_operation.o)
                              C:/Program Files/SEGGER/SEGGER Embedded Studio for ARM 5.10a/lib/libdebugio_v7em_fpv4_sp_d16_hard_t_le_eabi.a(libdebugio.o) (__do_nvdebug_operation)
C:/Program Files/SEGGER/SEGGER Embedded Studio for ARM 5.10a/lib/libdebugio_v7em_fpv4_sp_d16_hard_t_le_eabi.a(mempoll_debug_operations.o)
                              (__do_debug_operation_mempoll)
C:/Program Files/SEGGER/SEGGER Embedded Studio for ARM 5.10a/lib/libm_v7em_fpv4_sp_d16_hard_t_le_eabi.a(libm_asm.o)
                              C:/Program Files/SEGGER/SEGGER Embedded Studio for ARM 5.10a/lib/libc_v7em_fpv4_sp_d16_hard_t_le_eabi.a(libc2.o) (__aeabi_dadd)
C:/Program Files/SEGGER/SEGGER Embedded Studio for ARM 5.10a/lib/libm_v7em_fpv4_sp_d16_hard_t_le_eabi.a(libm2.o)
                              C:/Program Files/SEGGER/SEGGER Embedded Studio for ARM 5.10a/lib/libc_v7em_fpv4_sp_d16_hard_t_le_eabi.a(libvfprintf.o) (frexp)

Discarded input sections

 .text          0x0000000000000000        0x0 Output/Release/Obj/ble_app_blinky_pca10056_s140/thumb_crt0.o
 .data          0x0000000000000000        0x0 Output/Release/Obj/ble_app_blinky_pca10056_s140/thumb_crt0.o
 .bss           0x0000000000000000        0x0 Output/Release/Obj/ble_app_blinky_pca10056_s140/thumb_crt0.o
 .text.__aeabi_read_tp
                0x0000000000000000        0x8 Output/Release/Obj/ble_app_blinky_pca10056_s140/thumb_crt0.o
 .text.abort    0x0000000000000000        0x2 Output/Release/Obj/ble_app_blinky_pca10056_s140/thumb_crt0.o
 .text.__assert
                0x0000000000000000        0x2 Output/Release/Obj/ble_app_blinky_pca10056_s140/thumb_crt0.o
 .text.__assert_func
                0x0000000000000000        0x2 Output/Release/Obj/ble_app_blinky_pca10056_s140/thumb_crt0.o
 .text.__aeabi_assert
                0x0000000000000000        0x2 Output/Release/Obj/ble_app_blinky_pca10056_s140/thumb_crt0.o
 .text.__sync_synchronize
                0x0000000000000000        0x2 Output/Release/Obj/ble_app_blinky_pca10056_s140/thumb_crt0.o
 .text.__getchar
                0x0000000000000000        0x4 Output/Release/Obj/ble_app_blinky_pca10056_s140/thumb_crt0.o
 .text.__putchar
                0x0000000000000000        0x4 Output/Release/Obj/ble_app_blinky_pca10056_s140/thumb_crt0.o
 .text.__open   0x0000000000000000        0x4 Output/Release/Obj/ble_app_blinky_pca10056_s140/thumb_crt0.o
 .text.__close  0x0000000000000000        0x4 Output/Release/Obj/ble_app_blinky_pca10056_s140/thumb_crt0.o
 .text.__write  0x0000000000000000        0xa Output/Release/Obj/ble_app_blinky_pca10056_s140/thumb_crt0.o
 .text.__read   0x0000000000000000        0xa Output/Release/Obj/ble_app_blinky_pca10056_s140/thumb_crt0.o
 .text.__seek   0x0000000000000000       0x1a Output/Release/Obj/ble_app_blinky_pca10056_s140/thumb_crt0.o
 .bss.__user_locale_name_buffer
                0x0000000000000000        0x4 Output/Release/Obj/ble_app_blinky_pca10056_s140/thumb_crt0.o
 .stack         0x0000000000000000        0x0 Output/Release/Obj/ble_app_blinky_pca10056_s140/thumb_crt0.o
 .stack_process
                0x0000000000000000        0x0 Output/Release/Obj/ble_app_blinky_pca10056_s140/thumb_crt0.o
[...]
Memory Configuration

Name             Origin             Length             Attributes
UNPLACED_SECTIONS 0x0000000100000000 0x0000000000000000 xw
RAM1             0x0000000020000000 0x0000000000040000 xw
FLASH1           0x0000000000000000 0x0000000000100000 xw
*default*        0x0000000000000000 0xffffffffffffffff

Linker script and memory map

                0x0000000000000000                __do_debug_operation = __do_debug_operation_mempoll
                0x0000000000000000                __vfprintf = __vfprintf_long
                0x0000000000000000                __vfscanf = __vfscanf_long
                0x0000000020000000                __RAM1_segment_start__ = 0x20000000
                0x0000000020040000                __RAM1_segment_end__ = 0x20040000
                0x0000000000040000                __RAM1_segment_size__ = 0x40000
                0x0000000000000000                __FLASH1_segment_start__ = 0x0
                0x0000000000100000                __FLASH1_segment_end__ = 0x100000
                0x0000000000100000                __FLASH1_segment_size__ = 0x100000
                0x0000000000002000                __HEAPSIZE__ = 0x2000
                0x0000000000000000                __STACKSIZE_PROCESS__ = 0x0
                0x0000000000002000                __STACKSIZE__ = 0x2000
                0x0000000020000000                __reserved_ram_load_start__ = 0x20000000

.reserved_ram   0x0000000020000000     0x2300
                0x0000000020000000                __reserved_ram_start__ = .
 *(.reserved_ram .reserved_ram.*)
                0x0000000020002300                . = MAX (((__reserved_ram_start__ + 0x20002300) - 0x20000000), .)
 *fill*         0x0000000020000000     0x2300 
                0x0000000020002300                __reserved_ram_end__ = (__reserved_ram_start__ + SIZEOF (.reserved_ram))
                0x0000000000002300                __reserved_ram_size__ = SIZEOF (.reserved_ram)
                0x0000000020002300                __reserved_ram_load_end__ = __reserved_ram_end__
                0x0000000000000001                . = ASSERT (((__reserved_ram_start__ == __reserved_ram_end__) || ((__reserved_ram_end__ - __RAM1_segment_start__) <= __RAM1_segment_size__)), error: .reserved_ram is too large to fit in RAM1 memory segment)
                0x0000000020002300                __vectors_ram_load_start__ = 0x20002300

.vectors_ram    0x0000000020002300        0x0
                0x0000000020002300                __vectors_ram_start__ = .
                0x0000000020002300                __app_ram_start__ = __vectors_ram_start__
 *(.vectors_ram .vectors_ram.*)
                0x0000000020002300                __vectors_ram_end__ = (__vectors_ram_start__ + SIZEOF (.vectors_ram))
                0x0000000000000000                __vectors_ram_size__ = SIZEOF (.vectors_ram)
                0x0000000020002300                __vectors_ram_load_end__ = __vectors_ram_end__
                0x0000000000000001                . = ASSERT (((__vectors_ram_start__ == __vectors_ram_end__) || ((__vectors_ram_end__ - __RAM1_segment_start__) <= __RAM1_segment_size__)), error: .vectors_ram is too large to fit in RAM1 memory segment)
                0x0000000000000001                . = ASSERT ((__reserved_ram_end__ <= __vectors_ram_start__), error: section .reserved_ram overlaps absolute placed section .vectors_ram)
                0x0000000020002300                __nrf_sections_run_load_start__ = ALIGN (__vectors_ram_end__, 0x4)

.nrf_sections_run
                0x0000000020002300        0x0
                0x0000000020002300                __nrf_sections_run_start__ = .
                0x0000000020002300                __start_nrf_sections_run = __nrf_sections_run_start__
 *(.nrf_sections_run .nrf_sections_run.*)
                0x0000000020002300                __nrf_sections_run_end__ = (__nrf_sections_run_start__ + SIZEOF (.nrf_sections_run))
                0x0000000000000000                __nrf_sections_run_size__ = SIZEOF (.nrf_sections_run)
                0x0000000020002300                __nrf_sections_run_load_end__ = __nrf_sections_run_end__
                0x0000000000000001                . = ASSERT (((__nrf_sections_run_start__ == __nrf_sections_run_end__) || ((__nrf_sections_run_end__ - __RAM1_segment_start__) <= __RAM1_segment_size__)), error: .nrf_sections_run is too large to fit in RAM1 memory segment)
                0x0000000000000000                __reserved_flash_load_start__ = 0x0

.reserved_flash
                0x0000000000000000    0x27000
                0x0000000000000000                __reserved_flash_start__ = .
 *(.reserved_flash .reserved_flash.*)
                0x0000000000027000                . = MAX (((__reserved_flash_start__ + 0x27000) - 0x0), .)
 *fill*         0x0000000000000000    0x27000 
                0x0000000000027000                __reserved_flash_end__ = (__reserved_flash_start__ + SIZEOF (.reserved_flash))
                0x0000000000027000                __reserved_flash_size__ = SIZEOF (.reserved_flash)
                0x0000000000027000                __reserved_flash_load_end__ = __reserved_flash_end__
                0x0000000000000001                . = ASSERT (((__reserved_flash_start__ == __reserved_flash_end__) || ((__reserved_flash_end__ - __FLASH1_segment_start__) <= __FLASH1_segment_size__)), error: .reserved_flash is too large to fit in FLASH1 memory segment)
                0x0000000000027000                __vectors_load_start__ = 0x27000

.vectors        0x0000000000027000      0x200
                0x0000000000027000                __vectors_start__ = .
 *(.vectors .vectors.*)
 .vectors       0x0000000000027000      0x200 Output/Release/Obj/ble_app_blinky_pca10056_s140/ses_startup_nrf52840.o
                0x0000000000027000                _vectors
                0x0000000000027200                __vectors_end__ = (__vectors_start__ + SIZEOF (.vectors))
                0x0000000000000200                __vectors_size__ = SIZEOF (.vectors)
                0x0000000000027200                __vectors_load_end__ = __vectors_end__
                0x0000000000000001                . = ASSERT (((__vectors_start__ == __vectors_end__) || ((__vectors_end__ - __FLASH1_segment_start__) <= __FLASH1_segment_size__)), error: .vectors is too large to fit in FLASH1 memory segment)
                0x0000000000000001                . = ASSERT ((__reserved_flash_end__ <= __vectors_start__), error: section .reserved_flash overlaps absolute placed section .vectors)
                0x0000000000027200                __init_load_start__ = ALIGN (__vectors_end__, 0x4)

.init           0x0000000000027200      0x1d0
                0x0000000000027200                __init_start__ = .
 *(.init .init.*)
 .init          0x0000000000027200      0x15c Output/Release/Obj/ble_app_blinky_pca10056_s140/thumb_crt0.o
                0x0000000000027200                _start
                0x00000000000272b4                exit
 .init          0x000000000002735c       0x18 Output/Release/Obj/ble_app_blinky_pca10056_s140/ses_startup_nrf52840.o
                0x000000000002735c                NMI_Handler
                0x000000000002735e                HardFault_Handler
                0x0000000000027360                MemoryManagement_Handler
                0x0000000000027362                BusFault_Handler
                0x0000000000027364                UsageFault_Handler
                0x0000000000027366                SVC_Handler
                0x0000000000027368                DebugMon_Handler
                0x000000000002736a                PendSV_Handler
                0x000000000002736c                SysTick_Handler
                0x000000000002736e                RADIO_IRQHandler
                0x000000000002736e                PDM_IRQHandler
                0x000000000002736e                TEMP_IRQHandler
                0x000000000002736e                RTC0_IRQHandler
                0x000000000002736e                PWM1_IRQHandler
                0x000000000002736e                TIMER3_IRQHandler
                0x000000000002736e                PWM3_IRQHandler
                0x000000000002736e                FPU_IRQHandler
                0x000000000002736e                USBD_IRQHandler
                0x000000000002736e                SPIM0_SPIS0_TWIM0_TWIS0_SPI0_TWI0_IRQHandler
                0x000000000002736e                QSPI_IRQHandler
                0x000000000002736e                TIMER4_IRQHandler
                0x000000000002736e                CRYPTOCELL_IRQHandler
                0x000000000002736e                QDEC_IRQHandler
                0x000000000002736e                SWI4_EGU4_IRQHandler
                0x000000000002736e                TIMER0_IRQHandler
                0x000000000002736e                UARTE1_IRQHandler
                0x000000000002736e                Dummy_Handler
                0x000000000002736e                TIMER1_IRQHandler
                0x000000000002736e                SPIM3_IRQHandler
                0x000000000002736e                PWM2_IRQHandler
                0x000000000002736e                ECB_IRQHandler
                0x000000000002736e                SPIM1_SPIS1_TWIM1_TWIS1_SPI1_TWI1_IRQHandler
                0x000000000002736e                SAADC_IRQHandler
                0x000000000002736e                CCM_AAR_IRQHandler
                0x000000000002736e                WDT_IRQHandler
                0x000000000002736e                SWI0_EGU0_IRQHandler
                0x000000000002736e                SWI5_EGU5_IRQHandler
                0x000000000002736e                RNG_IRQHandler
                0x000000000002736e                RTC2_IRQHandler
                0x000000000002736e                PWM0_IRQHandler
                0x000000000002736e                SWI3_EGU3_IRQHandler
                0x000000000002736e                SWI1_EGU1_IRQHandler
                0x000000000002736e                SPIM2_SPIS2_SPI2_IRQHandler
                0x000000000002736e                NFCT_IRQHandler
                0x000000000002736e                I2S_IRQHandler
                0x000000000002736e                MWU_IRQHandler
                0x000000000002736e                TIMER2_IRQHandler
                0x000000000002736e                COMP_LPCOMP_IRQHandler
                0x0000000000027370                nRFInitialize
 .init          0x0000000000027374       0x5c Output/Release/Obj/ble_app_blinky_pca10056_s140/ses_startup_nrf_common.o
                0x0000000000027374                Reset_Handler
                0x0000000000027378                afterInitialize
                0x000000000002739c                InitializeUserMemorySections
                0x00000000000273d0                __init_end__ = (__init_start__ + SIZEOF (.init))
                0x00000000000001d0                __init_size__ = SIZEOF (.init)
                0x00000000000273d0                __init_load_end__ = __init_end__
                0x0000000000000001                . = ASSERT (((__init_start__ == __init_end__) || ((__init_end__ - __FLASH1_segment_start__) <= __FLASH1_segment_size__)), error: .init is too large to fit in FLASH1 memory segment)
                0x00000000000273d0                __init_rodata_load_start__ = ALIGN (__init_end__, 0x4)

.init_rodata    0x00000000000273d0        0x0
                0x00000000000273d0                __init_rodata_start__ = .
 *(.init_rodata .init_rodata.*)
                0x00000000000273d0                __init_rodata_end__ = (__init_rodata_start__ + SIZEOF (.init_rodata))
                0x0000000000000000                __init_rodata_size__ = SIZEOF (.init_rodata)
                0x00000000000273d0                __init_rodata_load_end__ = __init_rodata_end__
                0x0000000000000001                . = ASSERT (((__init_rodata_start__ == __init_rodata_end__) || ((__init_rodata_end__ - __FLASH1_segment_start__) <= __FLASH1_segment_size__)), error: .init_rodata is too large to fit in FLASH1 memory segment)
                0x00000000000273d0                __text_load_start__ = ALIGN (__init_rodata_end__, 0x4)

.text           0x00000000000273d0     0x497c
                0x00000000000273d0                __text_start__ = .
 *(.text .text.* .glue_7t .glue_7 .gnu.linkonce.t.* .gcc_except_table .ARM.extab* .gnu.linkonce.armextab.*)
 .glue_7        0x00000000000273d0        0x0 linker stubs
 .glue_7t       0x00000000000273d0        0x0 linker stubs
 .text.nrf_log_backend_serial_put
                0x00000000000273d0       0xc2 Output/Release/Obj/ble_app_blinky_pca10056_s140/nrf_log_backend_serial.o
                0x00000000000273d0                nrf_log_backend_serial_put
 *fill*         0x0000000000027492        0x2 
 .text.uart_evt_handler
                0x0000000000027494        0xc Output/Release/Obj/ble_app_blinky_pca10056_s140/nrf_log_backend_uart.o
 .text.nrf_log_backend_uart_flush
                0x00000000000274a0        0x2 Output/Release/Obj/ble_app_blinky_pca10056_s140/nrf_log_backend_uart.o
 *fill*         0x00000000000274a2        0x2 
 .text.uart_init
                0x00000000000274a4       0x5c Output/Release/Obj/ble_app_blinky_pca10056_s140/nrf_log_backend_uart.o
 .text.nrf_log_backend_uart_put
                0x0000000000027500       0x1c Output/Release/Obj/ble_app_blinky_pca10056_s140/nrf_log_backend_uart.o
 .text.serial_tx
                0x000000000002751c       0x48 Output/Release/Obj/ble_app_blinky_pca10056_s140/nrf_log_backend_uart.o
 .text.nrf_log_backend_uart_panic_set
                0x0000000000027564       0x2c Output/Release/Obj/ble_app_blinky_pca10056_s140/nrf_log_backend_uart.o
 .text.nrf_log_backend_uart_init
                0x0000000000027590        0x6 Output/Release/Obj/ble_app_blinky_pca10056_s140/nrf_log_backend_uart.o
                0x0000000000027590                nrf_log_backend_uart_init
 *fill*         0x0000000000027596        0x2 
 .text.nrf_log_default_backends_init
                0x0000000000027598       0x20 Output/Release/Obj/ble_app_blinky_pca10056_s140/nrf_log_default_backends.o
                0x0000000000027598                nrf_log_default_backends_init
 .text.invalid_packets_omit
                0x00000000000275b8       0x3a Output/Release/Obj/ble_app_blinky_pca10056_s140/nrf_log_frontend.o
 *fill*         0x00000000000275f2        0x2 
 .text.buf_prealloc
                0x00000000000275f4      0x124 Output/Release/Obj/ble_app_blinky_pca10056_s140/nrf_log_frontend.o
 .text.nrf_log_init
                0x0000000000027718       0x28 Output/Release/Obj/ble_app_blinky_pca10056_s140/nrf_log_frontend.o
                0x0000000000027718                nrf_log_init
 .text.nrf_log_module_name_get
                0x0000000000027740       0x38 Output/Release/Obj/ble_app_blinky_pca10056_s140/nrf_log_frontend.o
                0x0000000000027740                nrf_log_module_name_get
 .text.nrf_log_color_id_get
                0x0000000000027778       0x2c Output/Release/Obj/ble_app_blinky_pca10056_s140/nrf_log_frontend.o
                0x0000000000027778                nrf_log_color_id_get
 .text.log_pending_hook
                0x00000000000277a4        0x2 Output/Release/Obj/ble_app_blinky_pca10056_s140/nrf_log_frontend.o
                0x00000000000277a4                log_pending_hook
 *fill*         0x00000000000277a6        0x2 
 .text.buffer_is_empty
                0x00000000000277a8       0x14 Output/Release/Obj/ble_app_blinky_pca10056_s140/nrf_log_frontend.o
                0x00000000000277a8                buffer_is_empty
 .text.nrf_log_frontend_dequeue
                0x00000000000277bc      0x1fc Output/Release/Obj/ble_app_blinky_pca10056_s140/nrf_log_frontend.o
                0x00000000000277bc                nrf_log_frontend_dequeue
 .text.std_n    0x00000000000279b8       0x90 Output/Release/Obj/ble_app_blinky_pca10056_s140/nrf_log_frontend.o
 .text.nrf_log_frontend_std_0
                0x0000000000027a48        0x8 Output/Release/Obj/ble_app_blinky_pca10056_s140/nrf_log_frontend.o
                0x0000000000027a48                nrf_log_frontend_std_0
 .text.nrf_log_frontend_std_1
                0x0000000000027a50       0x12 Output/Release/Obj/ble_app_blinky_pca10056_s140/nrf_log_frontend.o
                0x0000000000027a50                nrf_log_frontend_std_1
 .text.nrf_log_frontend_std_2
                0x0000000000027a62       0x14 Output/Release/Obj/ble_app_blinky_pca10056_s140/nrf_log_frontend.o
                0x0000000000027a62                nrf_log_frontend_std_2
 *fill*         0x0000000000027a76        0x2 
 .text.nrf_log_backend_add
                0x0000000000027a78       0x44 Output/Release/Obj/ble_app_blinky_pca10056_s140/nrf_log_frontend.o
                0x0000000000027a78                nrf_log_backend_add
 .text.nrf_log_panic
                0x0000000000027abc       0x28 Output/Release/Obj/ble_app_blinky_pca10056_s140/nrf_log_frontend.o
                0x0000000000027abc                nrf_log_panic
 .text.postfix_process
                0x0000000000027ae4       0x44 Output/Release/Obj/ble_app_blinky_pca10056_s140/nrf_log_str_formatter.o
 .text.prefix_process
                0x0000000000027b28       0x7c Output/Release/Obj/ble_app_blinky_pca10056_s140/nrf_log_str_formatter.o
 .text.nrf_log_std_entry_process
                0x0000000000027ba4       0xc8 Output/Release/Obj/ble_app_blinky_pca10056_s140/nrf_log_str_formatter.o
                0x0000000000027ba4                nrf_log_std_entry_process
 .text.nrf_log_hexdump_entry_process
                0x0000000000027c6c       0xb8 Output/Release/Obj/ble_app_blinky_pca10056_s140/nrf_log_str_formatter.o
                0x0000000000027c6c                nrf_log_hexdump_entry_process
 .text.state_set
                0x0000000000027d24       0x24 Output/Release/Obj/ble_app_blinky_pca10056_s140/app_button.o
 .text.button_get
                0x0000000000027d48       0x30 Output/Release/Obj/ble_app_blinky_pca10056_s140/app_button.o
 .text.usr_event
                0x0000000000027d78       0x20 Output/Release/Obj/ble_app_blinky_pca10056_s140/app_button.o
 .text.timer_start
                0x0000000000027d98       0x18 Output/Release/Obj/ble_app_blinky_pca10056_s140/app_button.o
 .text.gpiote_event_handler
                0x0000000000027db0       0x34 Output/Release/Obj/ble_app_blinky_pca10056_s140/app_button.o
 .text.evt_handle
                0x0000000000027de4       0xe4 Output/Release/Obj/ble_app_blinky_pca10056_s140/app_button.o
                0x0000000000027de4                evt_handle
 .text.detection_delay_timeout_handler
                0x0000000000027ec8       0x5c Output/Release/Obj/ble_app_blinky_pca10056_s140/app_button.o
 .text.app_button_init
                0x0000000000027f24       0xac Output/Release/Obj/ble_app_blinky_pca10056_s140/app_button.o
                0x0000000000027f24                app_button_init
 .text.app_button_enable
                0x0000000000027fd0       0x2c Output/Release/Obj/ble_app_blinky_pca10056_s140/app_button.o
                0x0000000000027fd0                app_button_enable
 .text.app_button_disable
                0x0000000000027ffc       0x58 Output/Release/Obj/ble_app_blinky_pca10056_s140/app_button.o
                0x0000000000027ffc                app_button_disable
 .text.app_error_handler_bare
                0x0000000000028054       0x1a Output/Release/Obj/ble_app_blinky_pca10056_s140/app_error.o
                0x0000000000028054                app_error_handler_bare
 *fill*         0x000000000002806e        0x2 
 .text.app_error_fault_handler
                0x0000000000028070       0x70 Output/Release/Obj/ble_app_blinky_pca10056_s140/app_error_weak.o
                0x0000000000028070                app_error_fault_handler
 .text.compare_func
                0x00000000000280e0       0x16 Output/Release/Obj/ble_app_blinky_pca10056_s140/app_timer2.o
 *fill*         0x00000000000280f6        0x2 
 .text.get_now  0x00000000000280f8       0x3c Output/Release/Obj/ble_app_blinky_pca10056_s140/app_timer2.o
 .text.timer_req_schedule
                0x0000000000028134       0x38 Output/Release/Obj/ble_app_blinky_pca10056_s140/app_timer2.o
 .text.timer_expire
                0x000000000002816c       0xac Output/Release/Obj/ble_app_blinky_pca10056_s140/app_timer2.o
 .text.app_timer_init
                0x0000000000028218       0x64 Output/Release/Obj/ble_app_blinky_pca10056_s140/app_timer2.o
                0x0000000000028218                app_timer_init
 .text.app_timer_create
                0x000000000002827c       0x24 Output/Release/Obj/ble_app_blinky_pca10056_s140/app_timer2.o
                0x000000000002827c                app_timer_create
 .text.app_timer_start
                0x00000000000282a0       0x56 Output/Release/Obj/ble_app_blinky_pca10056_s140/app_timer2.o
                0x00000000000282a0                app_timer_start
 .text.app_timer_stop
                0x00000000000282f6       0x48 Output/Release/Obj/ble_app_blinky_pca10056_s140/app_timer2.o
                0x00000000000282f6                app_timer_stop
 *fill*         0x000000000002833e        0x2 
 .text.app_timer_cnt_get
                0x0000000000028340        0xc Output/Release/Obj/ble_app_blinky_pca10056_s140/app_timer2.o
                0x0000000000028340                app_timer_cnt_get
 .text.rtc_irq  0x000000000002834c      0x1bc Output/Release/Obj/ble_app_blinky_pca10056_s140/app_timer2.o
 .text.app_util_critical_region_enter
                0x0000000000028508       0x48 Output/Release/Obj/ble_app_blinky_pca10056_s140/app_util_platform.o
                0x0000000000028508                app_util_critical_region_enter
 .text.app_util_critical_region_exit
                0x0000000000028550       0x2c Output/Release/Obj/ble_app_blinky_pca10056_s140/app_util_platform.o
                0x0000000000028550                app_util_critical_region_exit
 .text.evt_pending.isra.0
                0x000000000002857c       0x1a Output/Release/Obj/ble_app_blinky_pca10056_s140/drv_rtc.o
 *fill*         0x0000000000028596        0x2 
 .text.drv_rtc_init
                0x0000000000028598       0xa4 Output/Release/Obj/ble_app_blinky_pca10056_s140/drv_rtc.o
                0x0000000000028598                drv_rtc_init
 .text.drv_rtc_start
                0x000000000002863c        0x8 Output/Release/Obj/ble_app_blinky_pca10056_s140/drv_rtc.o
                0x000000000002863c                drv_rtc_start
 .text.drv_rtc_stop
                0x0000000000028644        0x8 Output/Release/Obj/ble_app_blinky_pca10056_s140/drv_rtc.o
                0x0000000000028644                drv_rtc_stop
 .text.drv_rtc_compare_set
                0x000000000002864c       0x3e Output/Release/Obj/ble_app_blinky_pca10056_s140/drv_rtc.o
                0x000000000002864c                drv_rtc_compare_set
 *fill*         0x000000000002868a        0x2 
 .text.drv_rtc_windowed_compare_set
                0x000000000002868c       0xf0 Output/Release/Obj/ble_app_blinky_pca10056_s140/drv_rtc.o
                0x000000000002868c                drv_rtc_windowed_compare_set
 .text.drv_rtc_overflow_enable
                0x000000000002877c       0x10 Output/Release/Obj/ble_app_blinky_pca10056_s140/drv_rtc.o
                0x000000000002877c                drv_rtc_overflow_enable
 .text.drv_rtc_overflow_pending
                0x000000000002878c        0xa Output/Release/Obj/ble_app_blinky_pca10056_s140/drv_rtc.o
                0x000000000002878c                drv_rtc_overflow_pending
 .text.drv_rtc_compare_disable
                0x0000000000028796       0x14 Output/Release/Obj/ble_app_blinky_pca10056_s140/drv_rtc.o
                0x0000000000028796                drv_rtc_compare_disable
 .text.drv_rtc_compare_pending
                0x00000000000287aa        0xc Output/Release/Obj/ble_app_blinky_pca10056_s140/drv_rtc.o
                0x00000000000287aa                drv_rtc_compare_pending
 .text.drv_rtc_counter_get
                0x00000000000287b6        0x8 Output/Release/Obj/ble_app_blinky_pca10056_s140/drv_rtc.o
                0x00000000000287b6                drv_rtc_counter_get
 *fill*         0x00000000000287be        0x2 
 .text.drv_rtc_irq_trigger
                0x00000000000287c0       0x24 Output/Release/Obj/ble_app_blinky_pca10056_s140/drv_rtc.o
                0x00000000000287c0                drv_rtc_irq_trigger
 .text.RTC1_IRQHandler
                0x00000000000287e4       0x14 Output/Release/Obj/ble_app_blinky_pca10056_s140/drv_rtc.o
                0x00000000000287e4                RTC1_IRQHandler
 .text.nrf_atfifo_init
                0x00000000000287f8       0x26 Output/Release/Obj/ble_app_blinky_pca10056_s140/nrf_atfifo.o
                0x00000000000287f8                nrf_atfifo_init
 .text.nrf_atfifo_item_alloc
                0x000000000002881e       0x54 Output/Release/Obj/ble_app_blinky_pca10056_s140/nrf_atfifo.o
                0x000000000002881e                nrf_atfifo_item_alloc
 .text.nrf_atfifo_item_put
                0x0000000000028872       0x20 Output/Release/Obj/ble_app_blinky_pca10056_s140/nrf_atfifo.o
                0x0000000000028872                nrf_atfifo_item_put
 .text.nrf_atfifo_item_get
                0x0000000000028892       0x56 Output/Release/Obj/ble_app_blinky_pca10056_s140/nrf_atfifo.o
                0x0000000000028892                nrf_atfifo_item_get
 .text.nrf_atfifo_item_free
                0x00000000000288e8       0x20 Output/Release/Obj/ble_app_blinky_pca10056_s140/nrf_atfifo.o
                0x00000000000288e8                nrf_atfifo_item_free
 .text.nrf_atflags_set
                0x0000000000028908       0x12 Output/Release/Obj/ble_app_blinky_pca10056_s140/nrf_atflags.o
                0x0000000000028908                nrf_atflags_set
 .text.nrf_atflags_clear
                0x000000000002891a       0x14 Output/Release/Obj/ble_app_blinky_pca10056_s140/nrf_atflags.o
                0x000000000002891a                nrf_atflags_clear
 .text.nrf_atflags_get
                0x000000000002892e       0x12 Output/Release/Obj/ble_app_blinky_pca10056_s140/nrf_atflags.o
                0x000000000002892e                nrf_atflags_get
 .text.nrf_atomic_u32_fetch_store
                0x0000000000028940       0x16 Output/Release/Obj/ble_app_blinky_pca10056_s140/nrf_atomic.o
                0x0000000000028940                nrf_atomic_u32_fetch_store
 .text.nrf_atomic_u32_or
                0x0000000000028956       0x18 Output/Release/Obj/ble_app_blinky_pca10056_s140/nrf_atomic.o
                0x0000000000028956                nrf_atomic_u32_or
 .text.nrf_atomic_u32_fetch_and
                0x000000000002896e       0x18 Output/Release/Obj/ble_app_blinky_pca10056_s140/nrf_atomic.o
                0x000000000002896e                nrf_atomic_u32_fetch_and
 .text.nrf_atomic_u32_and
                0x0000000000028986       0x18 Output/Release/Obj/ble_app_blinky_pca10056_s140/nrf_atomic.o
                0x0000000000028986                nrf_atomic_u32_and
 .text.nrf_atomic_u32_add
                0x000000000002899e       0x18 Output/Release/Obj/ble_app_blinky_pca10056_s140/nrf_atomic.o
                0x000000000002899e                nrf_atomic_u32_add
 .text.nrf_atomic_u32_sub
                0x00000000000289b6       0x18 Output/Release/Obj/ble_app_blinky_pca10056_s140/nrf_atomic.o
                0x00000000000289b6                nrf_atomic_u32_sub
 .text.nrf_atomic_flag_set
                0x00000000000289ce        0x6 Output/Release/Obj/ble_app_blinky_pca10056_s140/nrf_atomic.o
                0x00000000000289ce                nrf_atomic_flag_set
 .text.nrf_atomic_flag_clear_fetch
                0x00000000000289d4        0x6 Output/Release/Obj/ble_app_blinky_pca10056_s140/nrf_atomic.o
                0x00000000000289d4                nrf_atomic_flag_clear_fetch
 .text.nrf_balloc_init
                0x00000000000289da       0x2e Output/Release/Obj/ble_app_blinky_pca10056_s140/nrf_balloc.o
                0x00000000000289da                nrf_balloc_init
 .text.nrf_balloc_alloc
                0x0000000000028a08       0x48 Output/Release/Obj/ble_app_blinky_pca10056_s140/nrf_balloc.o
                0x0000000000028a08                nrf_balloc_alloc
 .text.nrf_balloc_free
                0x0000000000028a50       0x34 Output/Release/Obj/ble_app_blinky_pca10056_s140/nrf_balloc.o
                0x0000000000028a50                nrf_balloc_free
 .text.nrf_fprintf_buffer_flush
                0x0000000000028a84       0x16 Output/Release/Obj/ble_app_blinky_pca10056_s140/nrf_fprintf.o
                0x0000000000028a84                nrf_fprintf_buffer_flush
 .text.nrf_fprintf
                0x0000000000028a9a       0x1c Output/Release/Obj/ble_app_blinky_pca10056_s140/nrf_fprintf.o
                0x0000000000028a9a                nrf_fprintf
 .text.buffer_add
                0x0000000000028ab6       0x2e Output/Release/Obj/ble_app_blinky_pca10056_s140/nrf_fprintf_format.o
 .text.unsigned_print
                0x0000000000028ae4       0xb4 Output/Release/Obj/ble_app_blinky_pca10056_s140/nrf_fprintf_format.o
 .text.nrf_fprintf_fmt
                0x0000000000028b98      0x29c Output/Release/Obj/ble_app_blinky_pca10056_s140/nrf_fprintf_format.o
                0x0000000000028b98                nrf_fprintf_fmt
 .text.memobj_op
                0x0000000000028e34       0x86 Output/Release/Obj/ble_app_blinky_pca10056_s140/nrf_memobj.o
 .text.nrf_memobj_pool_init
                0x0000000000028eba        0x4 Output/Release/Obj/ble_app_blinky_pca10056_s140/nrf_memobj.o
                0x0000000000028eba                nrf_memobj_pool_init
 .text.nrf_memobj_free
                0x0000000000028ebe       0x2c Output/Release/Obj/ble_app_blinky_pca10056_s140/nrf_memobj.o
                0x0000000000028ebe                nrf_memobj_free
 .text.nrf_memobj_alloc
                0x0000000000028eea       0x5e Output/Release/Obj/ble_app_blinky_pca10056_s140/nrf_memobj.o
                0x0000000000028eea                nrf_memobj_alloc
 .text.nrf_memobj_get
                0x0000000000028f48        0x8 Output/Release/Obj/ble_app_blinky_pca10056_s140/nrf_memobj.o
                0x0000000000028f48                nrf_memobj_get
 .text.nrf_memobj_put
                0x0000000000028f50       0x1e Output/Release/Obj/ble_app_blinky_pca10056_s140/nrf_memobj.o
                0x0000000000028f50                nrf_memobj_put
 .text.nrf_memobj_write
                0x0000000000028f6e       0x14 Output/Release/Obj/ble_app_blinky_pca10056_s140/nrf_memobj.o
                0x0000000000028f6e                nrf_memobj_write
 .text.nrf_memobj_read
                0x0000000000028f82       0x14 Output/Release/Obj/ble_app_blinky_pca10056_s140/nrf_memobj.o
                0x0000000000028f82                nrf_memobj_read
 .text.sd_app_evt_wait
                0x0000000000028f96        0x4 Output/Release/Obj/ble_app_blinky_pca10056_s140/nrf_pwr_mgmt.o
 *fill*         0x0000000000028f9a        0x2 
 .text.nrf_pwr_mgmt_init
                0x0000000000028f9c       0x2c Output/Release/Obj/ble_app_blinky_pca10056_s140/nrf_pwr_mgmt.o
                0x0000000000028f9c                nrf_pwr_mgmt_init
 .text.nrf_pwr_mgmt_run
                0x0000000000028fc8       0x4c Output/Release/Obj/ble_app_blinky_pca10056_s140/nrf_pwr_mgmt.o
                0x0000000000028fc8                nrf_pwr_mgmt_run
 .text.nrf_ringbuf_init
                0x0000000000029014       0x12 Output/Release/Obj/ble_app_blinky_pca10056_s140/nrf_ringbuf.o
                0x0000000000029014                nrf_ringbuf_init
 .text.nrf_section_iter_init
                0x0000000000029026       0x14 Output/Release/Obj/ble_app_blinky_pca10056_s140/nrf_section_iter.o
                0x0000000000029026                nrf_section_iter_init
 .text.nrf_section_iter_next
                0x000000000002903a       0x18 Output/Release/Obj/ble_app_blinky_pca10056_s140/nrf_section_iter.o
                0x000000000002903a                nrf_section_iter_next
 .text.nrf_sortlist_add
                0x0000000000029052       0x20 Output/Release/Obj/ble_app_blinky_pca10056_s140/nrf_sortlist.o
                0x0000000000029052                nrf_sortlist_add
 .text.nrf_sortlist_pop
                0x0000000000029072        0xc Output/Release/Obj/ble_app_blinky_pca10056_s140/nrf_sortlist.o
                0x0000000000029072                nrf_sortlist_pop
 .text.nrf_sortlist_peek
                0x000000000002907e        0x6 Output/Release/Obj/ble_app_blinky_pca10056_s140/nrf_sortlist.o
                0x000000000002907e                nrf_sortlist_peek
 .text.nrf_sortlist_remove
                0x0000000000029084       0x1a Output/Release/Obj/ble_app_blinky_pca10056_s140/nrf_sortlist.o
                0x0000000000029084                nrf_sortlist_remove
 *fill*         0x000000000002909e        0x2 
 .text.nrf_strerror_find
                0x00000000000290a0       0x3c Output/Release/Obj/ble_app_blinky_pca10056_s140/nrf_strerror.o
                0x00000000000290a0                nrf_strerror_find
 .text.nrf_strerror_get
                0x00000000000290dc       0x14 Output/Release/Obj/ble_app_blinky_pca10056_s140/nrf_strerror.o
                0x00000000000290dc                nrf_strerror_get
 .text.nrf52_errata_36
                0x00000000000290f0       0x14 Output/Release/Obj/ble_app_blinky_pca10056_s140/system_nrf52840.o
 .text.nrf52_errata_98
                0x0000000000029104       0x28 Output/Release/Obj/ble_app_blinky_pca10056_s140/system_nrf52840.o
 .text.nvmc_wait
                0x000000000002912c       0x10 Output/Release/Obj/ble_app_blinky_pca10056_s140/system_nrf52840.o
                0x000000000002912c                nvmc_wait
 .text.SystemInit
                0x000000000002913c      0x1e8 Output/Release/Obj/ble_app_blinky_pca10056_s140/system_nrf52840.o
                0x000000000002913c                SystemInit
 .text.bsp_board_led_on
                0x0000000000029324       0x28 Output/Release/Obj/ble_app_blinky_pca10056_s140/boards.o
                0x0000000000029324                bsp_board_led_on
 .text.bsp_board_led_off
                0x000000000002934c       0x28 Output/Release/Obj/ble_app_blinky_pca10056_s140/boards.o
                0x000000000002934c                bsp_board_led_off
 .text.bsp_board_leds_off
                0x0000000000029374       0x1e Output/Release/Obj/ble_app_blinky_pca10056_s140/boards.o
                0x0000000000029374                bsp_board_leds_off
 .text.bsp_board_init
                0x0000000000029392       0x3e Output/Release/Obj/ble_app_blinky_pca10056_s140/boards.o
                0x0000000000029392                bsp_board_init
 .text.clock_clk_started_notify
                0x00000000000293d0       0x24 Output/Release/Obj/ble_app_blinky_pca10056_s140/nrf_drv_clock.o
 .text.clock_irq_handler
                0x00000000000293f4       0x1c Output/Release/Obj/ble_app_blinky_pca10056_s140/nrf_drv_clock.o
 .text.soc_evt_handler
                0x0000000000029410       0x14 Output/Release/Obj/ble_app_blinky_pca10056_s140/nrf_drv_clock.o
 .text.nrf_drv_clock_init
                0x0000000000029424       0x48 Output/Release/Obj/ble_app_blinky_pca10056_s140/nrf_drv_clock.o
                0x0000000000029424                nrf_drv_clock_init
 .text.nrf_drv_clock_lfclk_release
                0x000000000002946c       0x40 Output/Release/Obj/ble_app_blinky_pca10056_s140/nrf_drv_clock.o
                0x000000000002946c                nrf_drv_clock_lfclk_release
 .text.sd_state_evt_handler
                0x00000000000294ac       0x60 Output/Release/Obj/ble_app_blinky_pca10056_s140/nrf_drv_clock.o
 .text.uarte_evt_handler
                0x000000000002950c       0x34 Output/Release/Obj/ble_app_blinky_pca10056_s140/nrf_drv_uart.o
 .text.uart_evt_handler
                0x0000000000029540       0x34 Output/Release/Obj/ble_app_blinky_pca10056_s140/nrf_drv_uart.o
 .text.nrf_drv_uart_init
                0x0000000000029574       0x7c Output/Release/Obj/ble_app_blinky_pca10056_s140/nrf_drv_uart.o
                0x0000000000029574                nrf_drv_uart_init
 .text.nrf_clock_event_clear
                0x00000000000295f0       0x14 Output/Release/Obj/ble_app_blinky_pca10056_s140/nrfx_clock.o
 .text.nrfx_clock_init
                0x0000000000029604       0x18 Output/Release/Obj/ble_app_blinky_pca10056_s140/nrfx_clock.o
                0x0000000000029604                nrfx_clock_init
 .text.nrfx_clock_enable
                0x000000000002961c       0x24 Output/Release/Obj/ble_app_blinky_pca10056_s140/nrfx_clock.o
                0x000000000002961c                nrfx_clock_enable
 .text.nrfx_clock_lfclk_stop
                0x0000000000029640       0x28 Output/Release/Obj/ble_app_blinky_pca10056_s140/nrfx_clock.o
                0x0000000000029640                nrfx_clock_lfclk_stop
 .text.POWER_CLOCK_IRQHandler
                0x0000000000029668       0x58 Output/Release/Obj/ble_app_blinky_pca10056_s140/nrfx_clock.o
                0x0000000000029668                POWER_CLOCK_IRQHandler
 .text.nrf_gpiote_event_clear
                0x00000000000296c0       0x18 Output/Release/Obj/ble_app_blinky_pca10056_s140/nrfx_gpiote.o
 .text.nrf_gpio_pin_port_decode
                0x00000000000296d8       0x18 Output/Release/Obj/ble_app_blinky_pca10056_s140/nrfx_gpiote.o
 .text.nrf_gpio_cfg_sense_set
                0x00000000000296f0       0x2e Output/Release/Obj/ble_app_blinky_pca10056_s140/nrfx_gpiote.o
 *fill*         0x000000000002971e        0x2 
 .text.channel_free
                0x0000000000029720       0x1c Output/Release/Obj/ble_app_blinky_pca10056_s140/nrfx_gpiote.o
 .text.nrfx_gpiote_init
                0x000000000002973c       0x8c Output/Release/Obj/ble_app_blinky_pca10056_s140/nrfx_gpiote.o
                0x000000000002973c                nrfx_gpiote_init
 .text.nrfx_gpiote_is_init
                0x00000000000297c8       0x14 Output/Release/Obj/ble_app_blinky_pca10056_s140/nrfx_gpiote.o
                0x00000000000297c8                nrfx_gpiote_is_init
 .text.nrfx_gpiote_in_init
                0x00000000000297dc       0xf8 Output/Release/Obj/ble_app_blinky_pca10056_s140/nrfx_gpiote.o
                0x00000000000297dc                nrfx_gpiote_in_init
 .text.nrfx_gpiote_in_event_enable
                0x00000000000298d4       0x94 Output/Release/Obj/ble_app_blinky_pca10056_s140/nrfx_gpiote.o
                0x00000000000298d4                nrfx_gpiote_in_event_enable
 .text.nrfx_gpiote_in_event_disable
                0x0000000000029968       0x44 Output/Release/Obj/ble_app_blinky_pca10056_s140/nrfx_gpiote.o
                0x0000000000029968                nrfx_gpiote_in_event_disable
 .text.nrfx_gpiote_in_is_set
                0x00000000000299ac       0x1c Output/Release/Obj/ble_app_blinky_pca10056_s140/nrfx_gpiote.o
                0x00000000000299ac                nrfx_gpiote_in_is_set
 .text.GPIOTE_IRQHandler
                0x00000000000299c8      0x180 Output/Release/Obj/ble_app_blinky_pca10056_s140/nrfx_gpiote.o
                0x00000000000299c8                GPIOTE_IRQHandler
 .text.UARTE0_UART0_IRQHandler
                0x0000000000029b48        0xc Output/Release/Obj/ble_app_blinky_pca10056_s140/nrfx_prs.o
                0x0000000000029b48                UARTE0_UART0_IRQHandler
 .text.nrfx_prs_acquire
                0x0000000000029b54       0x44 Output/Release/Obj/ble_app_blinky_pca10056_s140/nrfx_prs.o
                0x0000000000029b54                nrfx_prs_acquire
 .text.nrfx_prs_release
                0x0000000000029b98       0x18 Output/Release/Obj/ble_app_blinky_pca10056_s140/nrfx_prs.o
                0x0000000000029b98                nrfx_prs_release
 .text.nrf_uart_event_clear
                0x0000000000029bb0       0x10 Output/Release/Obj/ble_app_blinky_pca10056_s140/nrfx_uart.o
 .text.tx_byte  0x0000000000029bc0       0x1e Output/Release/Obj/ble_app_blinky_pca10056_s140/nrfx_uart.o
 .text.rx_byte  0x0000000000029bde       0x2c Output/Release/Obj/ble_app_blinky_pca10056_s140/nrfx_uart.o
 *fill*         0x0000000000029c0a        0x2 
 .text.rx_done_event.constprop.0
                0x0000000000029c0c       0x20 Output/Release/Obj/ble_app_blinky_pca10056_s140/nrfx_uart.o
 .text.nrfx_uart_0_irq_handler
                0x0000000000029c2c      0x13c Output/Release/Obj/ble_app_blinky_pca10056_s140/nrfx_uart.o
                0x0000000000029c2c                nrfx_uart_0_irq_handler
 .text.nrf_gpio_cfg_default
                0x0000000000029d68       0x20 Output/Release/Obj/ble_app_blinky_pca10056_s140/nrfx_uart.o
 .text.nrfx_uart_init
                0x0000000000029d88      0x1a4 Output/Release/Obj/ble_app_blinky_pca10056_s140/nrfx_uart.o
                0x0000000000029d88                nrfx_uart_init
 .text.nrfx_uart_uninit
                0x0000000000029f2c       0xb8 Output/Release/Obj/ble_app_blinky_pca10056_s140/nrfx_uart.o
                0x0000000000029f2c                nrfx_uart_uninit
 .text.nrfx_uart_tx
                0x0000000000029fe4       0x8c Output/Release/Obj/ble_app_blinky_pca10056_s140/nrfx_uart.o
                0x0000000000029fe4                nrfx_uart_tx
 .text.nrf_uarte_event_clear
                0x000000000002a070       0x10 Output/Release/Obj/ble_app_blinky_pca10056_s140/nrfx_uarte.o
 .text.rx_done_event.constprop.0
                0x000000000002a080       0x20 Output/Release/Obj/ble_app_blinky_pca10056_s140/nrfx_uarte.o
 .text.nrf_gpio_cfg_default
                0x000000000002a0a0       0x20 Output/Release/Obj/ble_app_blinky_pca10056_s140/nrfx_uarte.o
 .text.nrfx_uarte_0_irq_handler
                0x000000000002a0c0      0x118 Output/Release/Obj/ble_app_blinky_pca10056_s140/nrfx_uarte.o
                0x000000000002a0c0                nrfx_uarte_0_irq_handler
 .text.nrfx_uarte_init
                0x000000000002a1d8      0x1bc Output/Release/Obj/ble_app_blinky_pca10056_s140/nrfx_uarte.o
                0x000000000002a1d8                nrfx_uarte_init
 .text.nrfx_uarte_uninit
                0x000000000002a394      0x108 Output/Release/Obj/ble_app_blinky_pca10056_s140/nrfx_uarte.o
                0x000000000002a394                nrfx_uarte_uninit
 .text.nrfx_uarte_tx
                0x000000000002a49c       0x90 Output/Release/Obj/ble_app_blinky_pca10056_s140/nrfx_uarte.o
                0x000000000002a49c                nrfx_uarte_tx
 .text.sd_ble_gap_adv_set_configure
                0x000000000002a52c        0x4 Output/Release/Obj/ble_app_blinky_pca10056_s140/main.o
 .text.sd_ble_gap_adv_start
                0x000000000002a530        0x4 Output/Release/Obj/ble_app_blinky_pca10056_s140/main.o
 .text.sd_ble_gap_disconnect
                0x000000000002a534        0x4 Output/Release/Obj/ble_app_blinky_pca10056_s140/main.o
 .text.sd_ble_gap_ppcp_set
                0x000000000002a538        0x4 Output/Release/Obj/ble_app_blinky_pca10056_s140/main.o
 .text.sd_ble_gap_device_name_set
                0x000000000002a53c        0x4 Output/Release/Obj/ble_app_blinky_pca10056_s140/main.o
 .text.sd_ble_gap_sec_params_reply
                0x000000000002a540        0x4 Output/Release/Obj/ble_app_blinky_pca10056_s140/main.o
 .text.sd_ble_gap_phy_update
                0x000000000002a544        0x4 Output/Release/Obj/ble_app_blinky_pca10056_s140/main.o
 .text.sd_ble_gatts_sys_attr_set
                0x000000000002a548        0x4 Output/Release/Obj/ble_app_blinky_pca10056_s140/main.o
 .text.nrf_qwr_error_handler
                0x000000000002a54c        0x4 Output/Release/Obj/ble_app_blinky_pca10056_s140/main.o
 .text.advertising_start
                0x000000000002a550       0x20 Output/Release/Obj/ble_app_blinky_pca10056_s140/main.o
 .text.ble_evt_handler
                0x000000000002a570       0xec Output/Release/Obj/ble_app_blinky_pca10056_s140/main.o
 .text.on_conn_params_evt
                0x000000000002a65c       0x20 Output/Release/Obj/ble_app_blinky_pca10056_s140/main.o
 .text.button_event_handler
                0x000000000002a67c       0x64 Output/Release/Obj/ble_app_blinky_pca10056_s140/main.o
 .text.led_write_handler
                0x000000000002a6e0       0x3c Output/Release/Obj/ble_app_blinky_pca10056_s140/main.o
 .text.conn_params_error_handler
                0x000000000002a71c        0x4 Output/Release/Obj/ble_app_blinky_pca10056_s140/main.o
 .text.startup.main
                0x000000000002a720      0x214 Output/Release/Obj/ble_app_blinky_pca10056_s140/main.o
                0x000000000002a720                main
 .text.sd_ble_gap_addr_get
                0x000000000002a934        0x4 Output/Release/Obj/ble_app_blinky_pca10056_s140/ble_advdata.o
 .text.sd_ble_gap_appearance_get
                0x000000000002a938        0x4 Output/Release/Obj/ble_app_blinky_pca10056_s140/ble_advdata.o
 .text.sd_ble_gap_device_name_get
                0x000000000002a93c        0x4 Output/Release/Obj/ble_app_blinky_pca10056_s140/ble_advdata.o
 .text.sd_ble_uuid_encode
                0x000000000002a940        0x4 Output/Release/Obj/ble_app_blinky_pca10056_s140/ble_advdata.o
 .text.uuid_list_sized_encode
                0x000000000002a944       0xac Output/Release/Obj/ble_app_blinky_pca10056_s140/ble_advdata.o
 .text.uuid_list_encode
                0x000000000002a9f0       0x38 Output/Release/Obj/ble_app_blinky_pca10056_s140/ble_advdata.o
 .text.ble_advdata_encode
                0x000000000002aa28      0x394 Output/Release/Obj/ble_app_blinky_pca10056_s140/ble_advdata.o
                0x000000000002aa28                ble_advdata_encode
 .text.sd_ble_gap_conn_param_update
                0x000000000002adbc        0x4 Output/Release/Obj/ble_app_blinky_pca10056_s140/ble_conn_params.o
 .text.sd_ble_gap_disconnect
                0x000000000002adc0        0x4 Output/Release/Obj/ble_app_blinky_pca10056_s140/ble_conn_params.o
 .text.sd_ble_gap_ppcp_set
                0x000000000002adc4        0x4 Output/Release/Obj/ble_app_blinky_pca10056_s140/ble_conn_params.o
 .text.sd_ble_gap_ppcp_get
                0x000000000002adc8        0x4 Output/Release/Obj/ble_app_blinky_pca10056_s140/ble_conn_params.o
 .text.instance_get
                0x000000000002adcc       0x14 Output/Release/Obj/ble_app_blinky_pca10056_s140/ble_conn_params.o
 .text.send_error_evt
                0x000000000002ade0       0x10 Output/Release/Obj/ble_app_blinky_pca10056_s140/ble_conn_params.o
 .text.update_timeout_handler
                0x000000000002adf0       0x6c Output/Release/Obj/ble_app_blinky_pca10056_s140/ble_conn_params.o
 .text.conn_params_negotiation
                0x000000000002ae5c       0x48 Output/Release/Obj/ble_app_blinky_pca10056_s140/ble_conn_params.o
 .text.is_conn_params_ok.constprop.0
                0x000000000002aea4       0x34 Output/Release/Obj/ble_app_blinky_pca10056_s140/ble_conn_params.o
 .text.ble_evt_handler
                0x000000000002aed8       0xe0 Output/Release/Obj/ble_app_blinky_pca10056_s140/ble_conn_params.o
 .text.ble_conn_params_init
                0x000000000002afb8       0x74 Output/Release/Obj/ble_app_blinky_pca10056_s140/ble_conn_params.o
                0x000000000002afb8                ble_conn_params_init
 .text.flag_toggle
                0x000000000002b02c        0xa Output/Release/Obj/ble_app_blinky_pca10056_s140/ble_conn_state.o
 .text.conn_handle_list_get
                0x000000000002b036       0x2e Output/Release/Obj/ble_app_blinky_pca10056_s140/ble_conn_state.o
                0x000000000002b036                conn_handle_list_get
 .text.ble_evt_handler
                0x000000000002b064      0x104 Output/Release/Obj/ble_app_blinky_pca10056_s140/ble_conn_state.o
 .text.sd_ble_gatts_characteristic_add
                0x000000000002b168        0x4 Output/Release/Obj/ble_app_blinky_pca10056_s140/ble_srv_common.o
 .text.set_security_req
                0x000000000002b16c       0x2a Output/Release/Obj/ble_app_blinky_pca10056_s140/ble_srv_common.o
 .text.ble_srv_is_notification_enabled
                0x000000000002b196        0x8 Output/Release/Obj/ble_app_blinky_pca10056_s140/ble_srv_common.o
                0x000000000002b196                ble_srv_is_notification_enabled
 .text.characteristic_add
                0x000000000002b19e      0x154 Output/Release/Obj/ble_app_blinky_pca10056_s140/ble_srv_common.o
                0x000000000002b19e                characteristic_add
 .text.sd_ble_gap_data_length_update
                0x000000000002b2f2        0x4 Output/Release/Obj/ble_app_blinky_pca10056_s140/nrf_ble_gatt.o
 .text.sd_ble_gattc_exchange_mtu_request
                0x000000000002b2f6        0x4 Output/Release/Obj/ble_app_blinky_pca10056_s140/nrf_ble_gatt.o
 .text.sd_ble_gatts_exchange_mtu_reply
                0x000000000002b2fa        0x4 Output/Release/Obj/ble_app_blinky_pca10056_s140/nrf_ble_gatt.o
 *fill*         0x000000000002b2fe        0x2 
 .text.data_length_update
                0x000000000002b300       0x80 Output/Release/Obj/ble_app_blinky_pca10056_s140/nrf_ble_gatt.o
 .text.nrf_ble_gatt_init
                0x000000000002b380       0x26 Output/Release/Obj/ble_app_blinky_pca10056_s140/nrf_ble_gatt.o
                0x000000000002b380                nrf_ble_gatt_init
 *fill*         0x000000000002b3a6        0x2 
 .text.nrf_ble_gatt_on_ble_evt
                0x000000000002b3a8      0x198 Output/Release/Obj/ble_app_blinky_pca10056_s140/nrf_ble_gatt.o
                0x000000000002b3a8                nrf_ble_gatt_on_ble_evt
 .text.sd_ble_gatts_rw_authorize_reply
                0x000000000002b540        0x4 Output/Release/Obj/ble_app_blinky_pca10056_s140/nrf_ble_qwr.o
 .text.sd_ble_user_mem_reply
                0x000000000002b544        0x4 Output/Release/Obj/ble_app_blinky_pca10056_s140/nrf_ble_qwr.o
 .text.user_mem_reply.part.0
                0x000000000002b548       0x24 Output/Release/Obj/ble_app_blinky_pca10056_s140/nrf_ble_qwr.o
 .text.nrf_ble_qwr_init
                0x000000000002b56c       0x24 Output/Release/Obj/ble_app_blinky_pca10056_s140/nrf_ble_qwr.o
                0x000000000002b56c                nrf_ble_qwr_init
 .text.nrf_ble_qwr_conn_handle_assign
                0x000000000002b590       0x16 Output/Release/Obj/ble_app_blinky_pca10056_s140/nrf_ble_qwr.o
                0x000000000002b590                nrf_ble_qwr_conn_handle_assign
 .text.nrf_ble_qwr_on_ble_evt
                0x000000000002b5a6       0xa0 Output/Release/Obj/ble_app_blinky_pca10056_s140/nrf_ble_qwr.o
                0x000000000002b5a6                nrf_ble_qwr_on_ble_evt
 .text.sd_ble_gatts_service_add
                0x000000000002b646        0x4 Output/Release/Obj/ble_app_blinky_pca10056_s140/ble_lbs.o
 .text.sd_ble_gatts_hvx
                0x000000000002b64a        0x4 Output/Release/Obj/ble_app_blinky_pca10056_s140/ble_lbs.o
 .text.sd_ble_uuid_vs_add
                0x000000000002b64e        0x4 Output/Release/Obj/ble_app_blinky_pca10056_s140/ble_lbs.o
 .text.ble_lbs_on_ble_evt
                0x000000000002b652       0x2a Output/Release/Obj/ble_app_blinky_pca10056_s140/ble_lbs.o
                0x000000000002b652                ble_lbs_on_ble_evt
 .text.ble_lbs_init
                0x000000000002b67c       0xdc Output/Release/Obj/ble_app_blinky_pca10056_s140/ble_lbs.o
                0x000000000002b67c                ble_lbs_init
 .text.ble_lbs_on_button_change
                0x000000000002b758       0x40 Output/Release/Obj/ble_app_blinky_pca10056_s140/ble_lbs.o
                0x000000000002b758                ble_lbs_on_button_change
 .text.sd_softdevice_enable
                0x000000000002b798        0x4 Output/Release/Obj/ble_app_blinky_pca10056_s140/nrf_sdh.o
 .text.sdh_request_observer_notify
                0x000000000002b79c       0x30 Output/Release/Obj/ble_app_blinky_pca10056_s140/nrf_sdh.o
 .text.sdh_state_observer_notify
                0x000000000002b7cc       0x28 Output/Release/Obj/ble_app_blinky_pca10056_s140/nrf_sdh.o
 .text.softdevices_evt_irq_enable
                0x000000000002b7f4       0x38 Output/Release/Obj/ble_app_blinky_pca10056_s140/nrf_sdh.o
 .text.nrf_sdh_enable_request
                0x000000000002b82c       0x7c Output/Release/Obj/ble_app_blinky_pca10056_s140/nrf_sdh.o
                0x000000000002b82c                nrf_sdh_enable_request
 .text.nrf_sdh_is_enabled
                0x000000000002b8a8        0xc Output/Release/Obj/ble_app_blinky_pca10056_s140/nrf_sdh.o
                0x000000000002b8a8                nrf_sdh_is_enabled
 .text.nrf_sdh_evts_poll
                0x000000000002b8b4       0x28 Output/Release/Obj/ble_app_blinky_pca10056_s140/nrf_sdh.o
                0x000000000002b8b4                nrf_sdh_evts_poll
 .text.SWI2_EGU2_IRQHandler
                0x000000000002b8dc        0x4 Output/Release/Obj/ble_app_blinky_pca10056_s140/nrf_sdh.o
                0x000000000002b8dc                SWI2_EGU2_IRQHandler
 .text.sd_ble_enable
                0x000000000002b8e0        0x4 Output/Release/Obj/ble_app_blinky_pca10056_s140/nrf_sdh_ble.o
 .text.sd_ble_cfg_set
                0x000000000002b8e4        0x4 Output/Release/Obj/ble_app_blinky_pca10056_s140/nrf_sdh_ble.o
 .text.sd_ble_evt_get
                0x000000000002b8e8        0x4 Output/Release/Obj/ble_app_blinky_pca10056_s140/nrf_sdh_ble.o
 .text.nrf_sdh_ble_evts_poll
                0x000000000002b8ec       0x50 Output/Release/Obj/ble_app_blinky_pca10056_s140/nrf_sdh_ble.o
 .text.nrf_sdh_ble_default_cfg_set
                0x000000000002b93c      0x164 Output/Release/Obj/ble_app_blinky_pca10056_s140/nrf_sdh_ble.o
                0x000000000002b93c                nrf_sdh_ble_default_cfg_set
 .text.nrf_sdh_ble_enable
                0x000000000002baa0       0x98 Output/Release/Obj/ble_app_blinky_pca10056_s140/nrf_sdh_ble.o
                0x000000000002baa0                nrf_sdh_ble_enable
 .text.sd_evt_get
                0x000000000002bb38        0x4 Output/Release/Obj/ble_app_blinky_pca10056_s140/nrf_sdh_soc.o
 .text.nrf_sdh_soc_evts_poll
                0x000000000002bb3c       0x3c Output/Release/Obj/ble_app_blinky_pca10056_s140/nrf_sdh_soc.o
 .text.libc.__RAL_ascii_isctype
                0x000000000002bb78       0x1c C:/Program Files/SEGGER/SEGGER Embedded Studio for ARM 5.10a/lib/libc_v7em_fpv4_sp_d16_hard_t_le_eabi.a(libc2.o)
 .text.libc.__RAL_ascii_toupper
                0x000000000002bb94        0xc C:/Program Files/SEGGER/SEGGER Embedded Studio for ARM 5.10a/lib/libc_v7em_fpv4_sp_d16_hard_t_le_eabi.a(libc2.o)
 .text.libc.__RAL_ascii_tolower
                0x000000000002bba0        0xc C:/Program Files/SEGGER/SEGGER Embedded Studio for ARM 5.10a/lib/libc_v7em_fpv4_sp_d16_hard_t_le_eabi.a(libc2.o)
 .text.libc.__RAL_ascii_iswctype
                0x000000000002bbac       0x1c C:/Program Files/SEGGER/SEGGER Embedded Studio for ARM 5.10a/lib/libc_v7em_fpv4_sp_d16_hard_t_le_eabi.a(libc2.o)
 .text.libc.__RAL_ascii_towupper
                0x000000000002bbc8        0xc C:/Program Files/SEGGER/SEGGER Embedded Studio for ARM 5.10a/lib/libc_v7em_fpv4_sp_d16_hard_t_le_eabi.a(libc2.o)
 .text.libc.__RAL_ascii_towlower
                0x000000000002bbd4        0xc C:/Program Files/SEGGER/SEGGER Embedded Studio for ARM 5.10a/lib/libc_v7em_fpv4_sp_d16_hard_t_le_eabi.a(libc2.o)
 .text.libc.__RAL_ascii_wctomb
                0x000000000002bbe0        0xe C:/Program Files/SEGGER/SEGGER Embedded Studio for ARM 5.10a/lib/libc_v7em_fpv4_sp_d16_hard_t_le_eabi.a(libc2.o)
                0x000000000002bbe0                __RAL_ascii_wctomb
 .text.libc.__RAL_ascii_mbtowc
                0x000000000002bbee       0x24 C:/Program Files/SEGGER/SEGGER Embedded Studio for ARM 5.10a/lib/libc_v7em_fpv4_sp_d16_hard_t_le_eabi.a(libc2.o)
                0x000000000002bbee                __RAL_ascii_mbtowc
 *fill*         0x000000000002bc12        0x2 
 .text.libc.__RAL_isctype
                0x000000000002bc14       0x14 C:/Program Files/SEGGER/SEGGER Embedded Studio for ARM 5.10a/lib/libc_v7em_fpv4_sp_d16_hard_t_le_eabi.a(libc2.o)
                0x000000000002bc14                __RAL_isctype
 .text.libc.isprint
                0x000000000002bc28        0xa C:/Program Files/SEGGER/SEGGER Embedded Studio for ARM 5.10a/lib/libc_v7em_fpv4_sp_d16_hard_t_le_eabi.a(libc2.o)
                0x000000000002bc28                isprint
 .text.libc.memcpy
                0x000000000002bc32       0x52 C:/Program Files/SEGGER/SEGGER Embedded Studio for ARM 5.10a/lib/libc_v7em_fpv4_sp_d16_hard_t_le_eabi.a(libc2_asm.o)
                0x000000000002bc32                __aeabi_memcpy
                0x000000000002bc32                memcpy
                0x000000000002bc3e                __aeabi_memcpy8
                0x000000000002bc3e                __aeabi_memcpy4
 .text.libc.memset
                0x000000000002bc84       0x66 C:/Program Files/SEGGER/SEGGER Embedded Studio for ARM 5.10a/lib/libc_v7em_fpv4_sp_d16_hard_t_le_eabi.a(libc2_asm.o)
                0x000000000002bc84                memset
 .text.libc.strlen
                0x000000000002bcea       0x60 C:/Program Files/SEGGER/SEGGER Embedded Studio for ARM 5.10a/lib/libc_v7em_fpv4_sp_d16_hard_t_le_eabi.a(libc2_asm.o)
                0x000000000002bcea                strlen
                0x000000000002bd4c                . = ALIGN (MAX ((__text_start__ + 0x4), .), 0x4)
 *fill*         0x000000000002bd4a        0x2 
                0x000000000002bd4c                __text_end__ = (__text_start__ + SIZEOF (.text))
                0x000000000000497c                __text_size__ = SIZEOF (.text)
                0x000000000002bd4c                __text_load_end__ = __text_end__

.vfp11_veneer   0x0000000100000000        0x0
 .vfp11_veneer  0x0000000100000000        0x0 linker stubs

.v4_bx          0x0000000100000000        0x0
 .v4_bx         0x0000000100000000        0x0 linker stubs

.iplt           0x0000000100000000        0x0
 .iplt          0x0000000100000000        0x0 Output/Release/Obj/ble_app_blinky_pca10056_s140/thumb_crt0.o
                0x0000000000000001                . = ASSERT (((__text_start__ == __text_end__) || ((__text_end__ - __FLASH1_segment_start__) <= __FLASH1_segment_size__)), error: .text is too large to fit in FLASH1 memory segment)
                0x000000000002bd4c                __sdh_soc_observers_load_start__ = ALIGN (__text_end__, 0x4)

.sdh_soc_observers
                0x000000000002bd4c        0x8
                0x000000000002bd4c                __sdh_soc_observers_start__ = .
                0x000000000002bd4c                __start_sdh_soc_observers = __sdh_soc_observers_start__
 *(SORT_BY_NAME(.sdh_soc_observers*))
 .sdh_soc_observers0
                0x000000000002bd4c        0x8 Output/Release/Obj/ble_app_blinky_pca10056_s140/nrf_drv_clock.o
                0x000000000002bd54                __sdh_soc_observers_end__ = (__sdh_soc_observers_start__ + SIZEOF (.sdh_soc_observers))
                0x0000000000000008                __sdh_soc_observers_size__ = SIZEOF (.sdh_soc_observers)
                0x000000000002bd54                __stop_sdh_soc_observers = __sdh_soc_observers_end__
                0x000000000002bd54                __sdh_soc_observers_load_end__ = __sdh_soc_observers_end__
                0x0000000000000001                . = ASSERT (((__sdh_soc_observers_start__ == __sdh_soc_observers_end__) || ((__sdh_soc_observers_end__ - __FLASH1_segment_start__) <= __FLASH1_segment_size__)), error: .sdh_soc_observers is too large to fit in FLASH1 memory segment)
                0x000000000002bd54                __pwr_mgmt_data_load_start__ = ALIGN (__sdh_soc_observers_end__, 0x4)

.pwr_mgmt_data  0x000000000002bd54        0x0
                0x000000000002bd54                __pwr_mgmt_data_start__ = .
                0x000000000002bd54                __start_pwr_mgmt_data = __pwr_mgmt_data_start__
 *(SORT_BY_NAME(.pwr_mgmt_data*))
                0x000000000002bd54                __pwr_mgmt_data_end__ = (__pwr_mgmt_data_start__ + SIZEOF (.pwr_mgmt_data))
                0x0000000000000000                __pwr_mgmt_data_size__ = SIZEOF (.pwr_mgmt_data)
                0x000000000002bd54                __stop_pwr_mgmt_data = __pwr_mgmt_data_end__
                0x000000000002bd54                __pwr_mgmt_data_load_end__ = __pwr_mgmt_data_end__
                0x0000000000000001                . = ASSERT (((__pwr_mgmt_data_start__ == __pwr_mgmt_data_end__) || ((__pwr_mgmt_data_end__ - __FLASH1_segment_start__) <= __FLASH1_segment_size__)), error: .pwr_mgmt_data is too large to fit in FLASH1 memory segment)
                0x000000000002bd54                __sdh_ble_observers_load_start__ = ALIGN (__pwr_mgmt_data_end__, 0x4)

.sdh_ble_observers
                0x000000000002bd54       0x30
                0x000000000002bd54                __sdh_ble_observers_start__ = .
                0x000000000002bd54                __start_sdh_ble_observers = __sdh_ble_observers_start__
 *(SORT_BY_NAME(.sdh_ble_observers*))
 .sdh_ble_observers0
                0x000000000002bd54        0x8 Output/Release/Obj/ble_app_blinky_pca10056_s140/ble_conn_state.o
 .sdh_ble_observers1
                0x000000000002bd5c        0x8 Output/Release/Obj/ble_app_blinky_pca10056_s140/main.o
 .sdh_ble_observers1
                0x000000000002bd64        0x8 Output/Release/Obj/ble_app_blinky_pca10056_s140/ble_conn_params.o
 .sdh_ble_observers2
                0x000000000002bd6c       0x10 Output/Release/Obj/ble_app_blinky_pca10056_s140/main.o
 .sdh_ble_observers3
                0x000000000002bd7c        0x8 Output/Release/Obj/ble_app_blinky_pca10056_s140/main.o
                0x000000000002bd84                __sdh_ble_observers_end__ = (__sdh_ble_observers_start__ + SIZEOF (.sdh_ble_observers))
                0x0000000000000030                __sdh_ble_observers_size__ = SIZEOF (.sdh_ble_observers)
                0x000000000002bd84                __stop_sdh_ble_observers = __sdh_ble_observers_end__
                0x000000000002bd84                __sdh_ble_observers_load_end__ = __sdh_ble_observers_end__
                0x0000000000000001                . = ASSERT (((__sdh_ble_observers_start__ == __sdh_ble_observers_end__) || ((__sdh_ble_observers_end__ - __FLASH1_segment_start__) <= __FLASH1_segment_size__)), error: .sdh_ble_observers is too large to fit in FLASH1 memory segment)
                0x000000000002bd84                __sdh_req_observers_load_start__ = ALIGN (__sdh_ble_observers_end__, 0x4)

.sdh_req_observers
                0x000000000002bd84        0x0
                0x000000000002bd84                __sdh_req_observers_start__ = .
                0x000000000002bd84                __start_sdh_req_observers = __sdh_req_observers_start__
 *(SORT_BY_NAME(.sdh_req_observers*))
                0x000000000002bd84                __sdh_req_observers_end__ = (__sdh_req_observers_start__ + SIZEOF (.sdh_req_observers))
                0x0000000000000000                __sdh_req_observers_size__ = SIZEOF (.sdh_req_observers)
                0x000000000002bd84                __stop_sdh_req_observers = __sdh_req_observers_end__
                0x000000000002bd84                __sdh_req_observers_load_end__ = __sdh_req_observers_end__
                0x0000000000000001                . = ASSERT (((__sdh_req_observers_start__ == __sdh_req_observers_end__) || ((__sdh_req_observers_end__ - __FLASH1_segment_start__) <= __FLASH1_segment_size__)), error: .sdh_req_observers is too large to fit in FLASH1 memory segment)
                0x000000000002bd84                __sdh_state_observers_load_start__ = ALIGN (__sdh_req_observers_end__, 0x4)

.sdh_state_observers
                0x000000000002bd84        0x8
                0x000000000002bd84                __sdh_state_observers_start__ = .
                0x000000000002bd84                __start_sdh_state_observers = __sdh_state_observers_start__
 *(SORT_BY_NAME(.sdh_state_observers*))
 .sdh_state_observers0
                0x000000000002bd84        0x8 Output/Release/Obj/ble_app_blinky_pca10056_s140/nrf_drv_clock.o
                0x000000000002bd8c                __sdh_state_observers_end__ = (__sdh_state_observers_start__ + SIZEOF (.sdh_state_observers))
                0x0000000000000008                __sdh_state_observers_size__ = SIZEOF (.sdh_state_observers)
                0x000000000002bd8c                __stop_sdh_state_observers = __sdh_state_observers_end__
                0x000000000002bd8c                __sdh_state_observers_load_end__ = __sdh_state_observers_end__
                0x0000000000000001                . = ASSERT (((__sdh_state_observers_start__ == __sdh_state_observers_end__) || ((__sdh_state_observers_end__ - __FLASH1_segment_start__) <= __FLASH1_segment_size__)), error: .sdh_state_observers is too large to fit in FLASH1 memory segment)
                0x000000000002bd8c                __sdh_stack_observers_load_start__ = ALIGN (__sdh_state_observers_end__, 0x4)

.sdh_stack_observers
                0x000000000002bd8c       0x10
                0x000000000002bd8c                __sdh_stack_observers_start__ = .
                0x000000000002bd8c                __start_sdh_stack_observers = __sdh_stack_observers_start__
 *(SORT_BY_NAME(.sdh_stack_observers*))
 .sdh_stack_observers0
                0x000000000002bd8c        0x8 Output/Release/Obj/ble_app_blinky_pca10056_s140/nrf_sdh_ble.o
 .sdh_stack_observers0
                0x000000000002bd94        0x8 Output/Release/Obj/ble_app_blinky_pca10056_s140/nrf_sdh_soc.o
                0x000000000002bd9c                __sdh_stack_observers_end__ = (__sdh_stack_observers_start__ + SIZEOF (.sdh_stack_observers))
                0x0000000000000010                __sdh_stack_observers_size__ = SIZEOF (.sdh_stack_observers)
                0x000000000002bd9c                __stop_sdh_stack_observers = __sdh_stack_observers_end__
                0x000000000002bd9c                __sdh_stack_observers_load_end__ = __sdh_stack_observers_end__
                0x0000000000000001                . = ASSERT (((__sdh_stack_observers_start__ == __sdh_stack_observers_end__) || ((__sdh_stack_observers_end__ - __FLASH1_segment_start__) <= __FLASH1_segment_size__)), error: .sdh_stack_observers is too large to fit in FLASH1 memory segment)
                0x000000000002bd9c                __nrf_queue_load_start__ = ALIGN (__sdh_stack_observers_end__, 0x4)

.nrf_queue      0x000000000002bd9c        0x0
                0x000000000002bd9c                __nrf_queue_start__ = .
                0x000000000002bd9c                __start_nrf_queue = __nrf_queue_start__
 *(.nrf_queue*)
                0x000000000002bd9c                __nrf_queue_end__ = (__nrf_queue_start__ + SIZEOF (.nrf_queue))
                0x0000000000000000                __nrf_queue_size__ = SIZEOF (.nrf_queue)
                0x000000000002bd9c                __stop_nrf_queue = __nrf_queue_end__
                0x000000000002bd9c                __nrf_queue_load_end__ = __nrf_queue_end__
                0x0000000000000001                . = ASSERT (((__nrf_queue_start__ == __nrf_queue_end__) || ((__nrf_queue_end__ - __FLASH1_segment_start__) <= __FLASH1_segment_size__)), error: .nrf_queue is too large to fit in FLASH1 memory segment)
                0x000000000002bd9c                __nrf_balloc_load_start__ = ALIGN (__nrf_queue_end__, 0x4)

.nrf_balloc     0x000000000002bd9c       0x14
                0x000000000002bd9c                __nrf_balloc_start__ = .
                0x000000000002bd9c                __start_nrf_balloc = __nrf_balloc_start__
 *(.nrf_balloc*)
 .nrf_balloc    0x000000000002bd9c       0x14 Output/Release/Obj/ble_app_blinky_pca10056_s140/nrf_log_frontend.o
                0x000000000002bd9c                log_mempool
                0x000000000002bdb0                __nrf_balloc_end__ = (__nrf_balloc_start__ + SIZEOF (.nrf_balloc))
                0x0000000000000014                __nrf_balloc_size__ = SIZEOF (.nrf_balloc)
                0x000000000002bdb0                __stop_nrf_balloc = __nrf_balloc_end__
                0x000000000002bdb0                __nrf_balloc_load_end__ = __nrf_balloc_end__
                0x0000000000000001                . = ASSERT (((__nrf_balloc_start__ == __nrf_balloc_end__) || ((__nrf_balloc_end__ - __FLASH1_segment_start__) <= __FLASH1_segment_size__)), error: .nrf_balloc is too large to fit in FLASH1 memory segment)
                0x000000000002bdb0                __cli_command_load_start__ = ALIGN (__nrf_balloc_end__, 0x4)

.cli_command    0x000000000002bdb0        0x0
                0x000000000002bdb0                __cli_command_start__ = .
                0x000000000002bdb0                __start_cli_command = __cli_command_start__
 *(.cli_command*)
                0x000000000002bdb0                __cli_command_end__ = (__cli_command_start__ + SIZEOF (.cli_command))
                0x0000000000000000                __cli_command_size__ = SIZEOF (.cli_command)
                0x000000000002bdb0                __stop_cli_command = __cli_command_end__
                0x000000000002bdb0                __cli_command_load_end__ = __cli_command_end__
                0x0000000000000001                . = ASSERT (((__cli_command_start__ == __cli_command_end__) || ((__cli_command_end__ - __FLASH1_segment_start__) <= __FLASH1_segment_size__)), error: .cli_command is too large to fit in FLASH1 memory segment)
                0x000000000002bdb0                __crypto_data_load_start__ = ALIGN (__cli_command_end__, 0x4)

.crypto_data    0x000000000002bdb0        0x0
                0x000000000002bdb0                __crypto_data_start__ = .
                0x000000000002bdb0                __start_crypto_data = __crypto_data_start__
 *(SORT_BY_NAME(.crypto_data*))
                0x000000000002bdb0                __crypto_data_end__ = (__crypto_data_start__ + SIZEOF (.crypto_data))
                0x0000000000000000                __crypto_data_size__ = SIZEOF (.crypto_data)
                0x000000000002bdb0                __stop_crypto_data = __crypto_data_end__
                0x000000000002bdb0                __crypto_data_load_end__ = __crypto_data_end__
                0x0000000000000001                . = ASSERT (((__crypto_data_start__ == __crypto_data_end__) || ((__crypto_data_end__ - __FLASH1_segment_start__) <= __FLASH1_segment_size__)), error: .crypto_data is too large to fit in FLASH1 memory segment)
                0x000000000002bdb0                __log_const_data_load_start__ = ALIGN (__crypto_data_end__, 0x4)

.log_const_data
                0x000000000002bdb0       0x78
                0x000000000002bdb0                __log_const_data_start__ = .
                0x000000000002bdb0                __start_log_const_data = __log_const_data_start__
 *(SORT_BY_NAME(.log_const_data*))
 .log_const_data_CLOCK
                0x000000000002bdb0        0x8 Output/Release/Obj/ble_app_blinky_pca10056_s140/nrfx_clock.o
                0x000000000002bdb0                m_nrf_log_CLOCK_logs_data_const
 .log_const_data_GPIOTE
                0x000000000002bdb8        0x8 Output/Release/Obj/ble_app_blinky_pca10056_s140/nrfx_gpiote.o
                0x000000000002bdb8                m_nrf_log_GPIOTE_logs_data_const
 .log_const_data_PRS
                0x000000000002bdc0        0x8 Output/Release/Obj/ble_app_blinky_pca10056_s140/nrfx_prs.o
                0x000000000002bdc0                m_nrf_log_PRS_logs_data_const
 .log_const_data_UART
                0x000000000002bdc8        0x8 Output/Release/Obj/ble_app_blinky_pca10056_s140/nrfx_uart.o
                0x000000000002bdc8                m_nrf_log_UART_logs_data_const
 .log_const_data_UARTE
                0x000000000002bdd0        0x8 Output/Release/Obj/ble_app_blinky_pca10056_s140/nrfx_uarte.o
                0x000000000002bdd0                m_nrf_log_UARTE_logs_data_const
 .log_const_data_app
                0x000000000002bdd8        0x8 Output/Release/Obj/ble_app_blinky_pca10056_s140/nrf_log_frontend.o
                0x000000000002bdd8                m_nrf_log_app_logs_data_const
 .log_const_data_app_button
                0x000000000002bde0        0x8 Output/Release/Obj/ble_app_blinky_pca10056_s140/app_button.o
                0x000000000002bde0                m_nrf_log_app_button_logs_data_const
 .log_const_data_app_timer
                0x000000000002bde8        0x8 Output/Release/Obj/ble_app_blinky_pca10056_s140/app_timer2.o
                0x000000000002bde8                m_nrf_log_app_timer_logs_data_const
 .log_const_data_clock
                0x000000000002bdf0        0x8 Output/Release/Obj/ble_app_blinky_pca10056_s140/nrf_drv_clock.o
                0x000000000002bdf0                m_nrf_log_clock_logs_data_const
 .log_const_data_nrf_ble_gatt
                0x000000000002bdf8        0x8 Output/Release/Obj/ble_app_blinky_pca10056_s140/nrf_ble_gatt.o
                0x000000000002bdf8                m_nrf_log_nrf_ble_gatt_logs_data_const
 .log_const_data_nrf_sdh
                0x000000000002be00        0x8 Output/Release/Obj/ble_app_blinky_pca10056_s140/nrf_sdh.o
                0x000000000002be00                m_nrf_log_nrf_sdh_logs_data_const
 .log_const_data_nrf_sdh_ble
                0x000000000002be08        0x8 Output/Release/Obj/ble_app_blinky_pca10056_s140/nrf_sdh_ble.o
                0x000000000002be08                m_nrf_log_nrf_sdh_ble_logs_data_const
 .log_const_data_nrf_sdh_soc
                0x000000000002be10        0x8 Output/Release/Obj/ble_app_blinky_pca10056_s140/nrf_sdh_soc.o
                0x000000000002be10                m_nrf_log_nrf_sdh_soc_logs_data_const
 .log_const_data_pwr_mgmt
                0x000000000002be18        0x8 Output/Release/Obj/ble_app_blinky_pca10056_s140/nrf_pwr_mgmt.o
                0x000000000002be18                m_nrf_log_pwr_mgmt_logs_data_const
 .log_const_data_sortlist
                0x000000000002be20        0x8 Output/Release/Obj/ble_app_blinky_pca10056_s140/nrf_sortlist.o
                0x000000000002be20                m_nrf_log_sortlist_logs_data_const
                0x000000000002be28                __log_const_data_end__ = (__log_const_data_start__ + SIZEOF (.log_const_data))
                0x0000000000000078                __log_const_data_size__ = SIZEOF (.log_const_data)
                0x000000000002be28                __stop_log_const_data = __log_const_data_end__
                0x000000000002be28                __log_const_data_load_end__ = __log_const_data_end__
                0x0000000000000001                . = ASSERT (((__log_const_data_start__ == __log_const_data_end__) || ((__log_const_data_end__ - __FLASH1_segment_start__) <= __FLASH1_segment_size__)), error: .log_const_data is too large to fit in FLASH1 memory segment)
                0x000000000002be28                __log_backends_load_start__ = ALIGN (__log_const_data_end__, 0x4)

.log_backends   0x000000000002be28       0x10
                0x000000000002be28                __log_backends_start__ = .
                0x000000000002be28                __start_log_backends = __log_backends_start__
 *(SORT_BY_NAME(.log_backends*))
 .log_backends  0x000000000002be28       0x10 Output/Release/Obj/ble_app_blinky_pca10056_s140/nrf_log_default_backends.o
                0x000000000002be38                __log_backends_end__ = (__log_backends_start__ + SIZEOF (.log_backends))
                0x0000000000000010                __log_backends_size__ = SIZEOF (.log_backends)
                0x000000000002be38                __stop_log_backends = __log_backends_end__
                0x000000000002be38                __log_backends_load_end__ = __log_backends_end__
                0x0000000000000001                . = ASSERT (((__log_backends_start__ == __log_backends_end__) || ((__log_backends_end__ - __FLASH1_segment_start__) <= __FLASH1_segment_size__)), error: .log_backends is too large to fit in FLASH1 memory segment)
                0x000000000002be38                __nrf_sections_load_start__ = ALIGN (__log_backends_end__, 0x4)

.nrf_sections   0x000000000002be38        0x0
                0x000000000002be38                __nrf_sections_start__ = .
                0x000000000002be38                __start_nrf_sections = __nrf_sections_start__
 *(.nrf_sections .nrf_sections.*)
                0x000000000002be38                __nrf_sections_end__ = (__nrf_sections_start__ + SIZEOF (.nrf_sections))
                0x0000000000000000                __nrf_sections_size__ = SIZEOF (.nrf_sections)
                0x000000000002be38                __nrf_sections_load_end__ = __nrf_sections_end__
                0x0000000000000001                . = ASSERT (((__nrf_sections_start__ == __nrf_sections_end__) || ((__nrf_sections_end__ - __FLASH1_segment_start__) <= __FLASH1_segment_size__)), error: .nrf_sections is too large to fit in FLASH1 memory segment)
                0x000000000002be38                __cli_sorted_cmd_ptrs_load_start__ = ALIGN (__nrf_sections_end__, 0x4)

.cli_sorted_cmd_ptrs
                0x0000000020002300        0x0 load address 0x000000000002be38
                0x0000000020002300                __cli_sorted_cmd_ptrs_start__ = .
 *(.cli_sorted_cmd_ptrs*)
                0x0000000020002300                __cli_sorted_cmd_ptrs_end__ = (__cli_sorted_cmd_ptrs_start__ + SIZEOF (.cli_sorted_cmd_ptrs))
                0x0000000000000000                __cli_sorted_cmd_ptrs_size__ = SIZEOF (.cli_sorted_cmd_ptrs)
                0x000000000002be38                __cli_sorted_cmd_ptrs_load_end__ = (__cli_sorted_cmd_ptrs_load_start__ + SIZEOF (.cli_sorted_cmd_ptrs))
                0x0000000000000001                . = ASSERT (((__cli_sorted_cmd_ptrs_load_start__ == __cli_sorted_cmd_ptrs_load_end__) || ((__cli_sorted_cmd_ptrs_load_end__ - __FLASH1_segment_start__) <= __FLASH1_segment_size__)), error: .cli_sorted_cmd_ptrs is too large to fit in FLASH1 memory segment)

.cli_sorted_cmd_ptrs_run
                0x0000000020002300        0x0
                0x0000000020002300                __cli_sorted_cmd_ptrs_run_start__ = .
                0x0000000020002300                __start_cli_sorted_cmd_ptrs = __cli_sorted_cmd_ptrs_run_start__
                0x0000000020002300                . = MAX ((__cli_sorted_cmd_ptrs_run_start__ + SIZEOF (.cli_sorted_cmd_ptrs)), .)
                0x0000000020002300                __cli_sorted_cmd_ptrs_run_end__ = (__cli_sorted_cmd_ptrs_run_start__ + SIZEOF (.cli_sorted_cmd_ptrs_run))
                0x0000000000000000                __cli_sorted_cmd_ptrs_run_size__ = SIZEOF (.cli_sorted_cmd_ptrs_run)
                0x0000000020002300                __stop_cli_sorted_cmd_ptrs = __cli_sorted_cmd_ptrs_run_end__
                0x0000000020002300                __cli_sorted_cmd_ptrs_run_load_end__ = __cli_sorted_cmd_ptrs_run_end__
                0x0000000000000001                . = ASSERT (((__cli_sorted_cmd_ptrs_run_start__ == __cli_sorted_cmd_ptrs_run_end__) || ((__cli_sorted_cmd_ptrs_run_end__ - __RAM1_segment_start__) <= __RAM1_segment_size__)), error: .cli_sorted_cmd_ptrs_run is too large to fit in RAM1 memory segment)
                0x000000000002be38                __fs_data_load_start__ = ALIGN ((__cli_sorted_cmd_ptrs_load_start__ + SIZEOF (.cli_sorted_cmd_ptrs)), 0x4)

.fs_data        0x0000000020002300        0x0 load address 0x000000000002be38
                0x0000000020002300                __fs_data_start__ = .
 *(.fs_data*)
                0x0000000020002300                __fs_data_end__ = (__fs_data_start__ + SIZEOF (.fs_data))
                0x0000000000000000                __fs_data_size__ = SIZEOF (.fs_data)
                0x000000000002be38                __fs_data_load_end__ = (__fs_data_load_start__ + SIZEOF (.fs_data))
                0x0000000000000001                . = ASSERT (((__fs_data_load_start__ == __fs_data_load_end__) || ((__fs_data_load_end__ - __FLASH1_segment_start__) <= __FLASH1_segment_size__)), error: .fs_data is too large to fit in FLASH1 memory segment)

.fs_data_run    0x0000000020002300        0x0
                0x0000000020002300                __fs_data_run_start__ = .
                0x0000000020002300                __start_fs_data = __fs_data_run_start__
                0x0000000020002300                . = MAX ((__fs_data_run_start__ + SIZEOF (.fs_data)), .)
                0x0000000020002300                __fs_data_run_end__ = (__fs_data_run_start__ + SIZEOF (.fs_data_run))
                0x0000000000000000                __fs_data_run_size__ = SIZEOF (.fs_data_run)
                0x0000000020002300                __stop_fs_data = __fs_data_run_end__
                0x0000000020002300                __fs_data_run_load_end__ = __fs_data_run_end__
                0x0000000000000001                . = ASSERT (((__fs_data_run_start__ == __fs_data_run_end__) || ((__fs_data_run_end__ - __RAM1_segment_start__) <= __RAM1_segment_size__)), error: .fs_data_run is too large to fit in RAM1 memory segment)
                0x000000000002be38                __log_dynamic_data_load_start__ = ALIGN ((__fs_data_load_start__ + SIZEOF (.fs_data)), 0x4)

.log_dynamic_data
                0x0000000020002300        0x0 load address 0x000000000002be38
                0x0000000020002300                __log_dynamic_data_start__ = .
 *(SORT_BY_NAME(.log_dynamic_data*))
                0x0000000020002300                __log_dynamic_data_end__ = (__log_dynamic_data_start__ + SIZEOF (.log_dynamic_data))
                0x0000000000000000                __log_dynamic_data_size__ = SIZEOF (.log_dynamic_data)
                0x000000000002be38                __log_dynamic_data_load_end__ = (__log_dynamic_data_load_start__ + SIZEOF (.log_dynamic_data))
                0x0000000000000001                . = ASSERT (((__log_dynamic_data_load_start__ == __log_dynamic_data_load_end__) || ((__log_dynamic_data_load_end__ - __FLASH1_segment_start__) <= __FLASH1_segment_size__)), error: .log_dynamic_data is too large to fit in FLASH1 memory segment)

.log_dynamic_data_run
                0x0000000020002300        0x0
                0x0000000020002300                __log_dynamic_data_run_start__ = .
                0x0000000020002300                __start_log_dynamic_data = __log_dynamic_data_run_start__
                0x0000000020002300                . = MAX ((__log_dynamic_data_run_start__ + SIZEOF (.log_dynamic_data)), .)
                0x0000000020002300                __log_dynamic_data_run_end__ = (__log_dynamic_data_run_start__ + SIZEOF (.log_dynamic_data_run))
                0x0000000000000000                __log_dynamic_data_run_size__ = SIZEOF (.log_dynamic_data_run)
                0x0000000020002300                __stop_log_dynamic_data = __log_dynamic_data_run_end__
                0x0000000020002300                __log_dynamic_data_run_load_end__ = __log_dynamic_data_run_end__
                0x0000000000000001                . = ASSERT (((__log_dynamic_data_run_start__ == __log_dynamic_data_run_end__) || ((__log_dynamic_data_run_end__ - __RAM1_segment_start__) <= __RAM1_segment_size__)), error: .log_dynamic_data_run is too large to fit in RAM1 memory segment)
                0x000000000002be38                __log_filter_data_load_start__ = ALIGN ((__log_dynamic_data_load_start__ + SIZEOF (.log_dynamic_data)), 0x4)

.log_filter_data
                0x0000000020002300        0x0 load address 0x000000000002be38
                0x0000000020002300                __log_filter_data_start__ = .
 *(SORT_BY_NAME(.log_filter_data*))
                0x0000000020002300                __log_filter_data_end__ = (__log_filter_data_start__ + SIZEOF (.log_filter_data))
                0x0000000000000000                __log_filter_data_size__ = SIZEOF (.log_filter_data)
                0x000000000002be38                __log_filter_data_load_end__ = (__log_filter_data_load_start__ + SIZEOF (.log_filter_data))
                0x0000000000000001                . = ASSERT (((__log_filter_data_load_start__ == __log_filter_data_load_end__) || ((__log_filter_data_load_end__ - __FLASH1_segment_start__) <= __FLASH1_segment_size__)), error: .log_filter_data is too large to fit in FLASH1 memory segment)

.log_filter_data_run
                0x0000000020002300        0x0
                0x0000000020002300                __log_filter_data_run_start__ = .
                0x0000000020002300                __start_log_filter_data = __log_filter_data_run_start__
                0x0000000020002300                . = MAX ((__log_filter_data_run_start__ + SIZEOF (.log_filter_data)), .)
                0x0000000020002300                __log_filter_data_run_end__ = (__log_filter_data_run_start__ + SIZEOF (.log_filter_data_run))
                0x0000000000000000                __log_filter_data_run_size__ = SIZEOF (.log_filter_data_run)
                0x0000000020002300                __stop_log_filter_data = __log_filter_data_run_end__
                0x0000000020002300                __log_filter_data_run_load_end__ = __log_filter_data_run_end__
                0x0000000000000001                . = ASSERT (((__log_filter_data_run_start__ == __log_filter_data_run_end__) || ((__log_filter_data_run_end__ - __RAM1_segment_start__) <= __RAM1_segment_size__)), error: .log_filter_data_run is too large to fit in RAM1 memory segment)
                0x0000000020002300                __nrf_sections_run_end_load_start__ = ALIGN (__log_filter_data_run_end__, 0x4)

.nrf_sections_run_end
                0x0000000020002300        0x0
                0x0000000020002300                __nrf_sections_run_end_start__ = .
                0x0000000020002300                __end_nrf_sections_run = __nrf_sections_run_end_start__
 *(.nrf_sections_run_end .nrf_sections_run_end.*)
                0x0000000020002300                __nrf_sections_run_end_end__ = (__nrf_sections_run_end_start__ + SIZEOF (.nrf_sections_run_end))
                0x0000000000000000                __nrf_sections_run_end_size__ = SIZEOF (.nrf_sections_run_end)
                0x0000000020002300                __nrf_sections_run_end_load_end__ = __nrf_sections_run_end_end__
                0x0000000000000001                . = ASSERT (((__nrf_sections_run_end_start__ == __nrf_sections_run_end_end__) || ((__nrf_sections_run_end_end__ - __RAM1_segment_start__) <= __RAM1_segment_size__)), error: .nrf_sections_run_end is too large to fit in RAM1 memory segment)
                0x000000000002be38                __dtors_load_start__ = ALIGN ((__log_filter_data_load_start__ + SIZEOF (.log_filter_data)), 0x4)

.dtors          0x000000000002be38        0x0
                0x000000000002be38                __dtors_start__ = .
 *(SORT_BY_NAME(.dtors.*))
 *(.dtors)
 *(.fini_array)
 *(SORT_BY_NAME(.fini_array.*))
                0x000000000002be38                __dtors_end__ = (__dtors_start__ + SIZEOF (.dtors))
                0x0000000000000000                __dtors_size__ = SIZEOF (.dtors)
                0x000000000002be38                __dtors_load_end__ = __dtors_end__
                0x0000000000000001                . = ASSERT (((__dtors_start__ == __dtors_end__) || ((__dtors_end__ - __FLASH1_segment_start__) <= __FLASH1_segment_size__)), error: .dtors is too large to fit in FLASH1 memory segment)
                0x000000000002be38                __ctors_load_start__ = ALIGN (__dtors_end__, 0x4)

.ctors          0x000000000002be38        0x0
                0x000000000002be38                __ctors_start__ = .
 *(SORT_BY_NAME(.ctors.*))
 *(.ctors)
 *(.init_array)
 *(SORT_BY_NAME(.init_array.*))
                0x000000000002be38                __ctors_end__ = (__ctors_start__ + SIZEOF (.ctors))
                0x0000000000000000                __ctors_size__ = SIZEOF (.ctors)
                0x000000000002be38                __ctors_load_end__ = __ctors_end__
                0x0000000000000001                . = ASSERT (((__ctors_start__ == __ctors_end__) || ((__ctors_end__ - __FLASH1_segment_start__) <= __FLASH1_segment_size__)), error: .ctors is too large to fit in FLASH1 memory segment)
                0x000000000002be38                __rodata_load_start__ = ALIGN (__ctors_end__, 0x4)

.rodata         0x000000000002be38      0xda8
                0x000000000002be38                __rodata_start__ = .
 *(.rodata .rodata.* .gnu.linkonce.r.*)
 .rodata        0x000000000002be38       0x20 Output/Release/Obj/ble_app_blinky_pca10056_s140/nrf_log_backend_uart.o
 .rodata.nrf_log_backend_uart_api
                0x000000000002be58        0xc Output/Release/Obj/ble_app_blinky_pca10056_s140/nrf_log_backend_uart.o
                0x000000000002be58                nrf_log_backend_uart_api
 .rodata.str1.1
                0x000000000002be64       0x11 Output/Release/Obj/ble_app_blinky_pca10056_s140/nrf_log_default_backends.o
 .rodata.nrf_log_frontend_dequeue.str1.1
                0x000000000002be75       0x11 Output/Release/Obj/ble_app_blinky_pca10056_s140/nrf_log_frontend.o
 .rodata.str1.1
                0x000000000002be86        0x4 Output/Release/Obj/ble_app_blinky_pca10056_s140/nrf_log_frontend.o
 *fill*         0x000000000002be8a        0x2 
 .rodata.m_log_push_ringbuf
                0x000000000002be8c        0xc Output/Release/Obj/ble_app_blinky_pca10056_s140/nrf_log_frontend.o
 .rodata.postfix_process.str1.1
                0x000000000002be98        0x8 Output/Release/Obj/ble_app_blinky_pca10056_s140/nrf_log_str_formatter.o
                                          0xb (size before relaxing)
 .rodata.prefix_process.str1.1
                0x000000000002bea0       0x2a Output/Release/Obj/ble_app_blinky_pca10056_s140/nrf_log_str_formatter.o
 .rodata.nrf_log_hexdump_entry_process.str1.1
                0x000000000002beca        0xf Output/Release/Obj/ble_app_blinky_pca10056_s140/nrf_log_str_formatter.o
                                         0x11 (size before relaxing)
 .rodata.str1.1
                0x000000000002bed9       0x4b Output/Release/Obj/ble_app_blinky_pca10056_s140/nrf_log_str_formatter.o
                                         0x51 (size before relaxing)
 .rodata.m_colors
                0x000000000002bf24       0x24 Output/Release/Obj/ble_app_blinky_pca10056_s140/nrf_log_str_formatter.o
 .rodata.severity_names
                0x000000000002bf48       0x14 Output/Release/Obj/ble_app_blinky_pca10056_s140/nrf_log_str_formatter.o
 .rodata.str1.1
                0x000000000002bf5c        0xb Output/Release/Obj/ble_app_blinky_pca10056_s140/app_button.o
 *fill*         0x000000000002bf67        0x1 
 .rodata.m_detection_delay_timer_id
                0x000000000002bf68        0x4 Output/Release/Obj/ble_app_blinky_pca10056_s140/app_button.o
 .rodata.app_error_fault_handler.str1.1
                0x000000000002bf6c       0x19 Output/Release/Obj/ble_app_blinky_pca10056_s140/app_error_weak.o
 .rodata.str1.1
                0x000000000002bf85        0xa Output/Release/Obj/ble_app_blinky_pca10056_s140/app_timer2.o
 *fill*         0x000000000002bf8f        0x1 
 .rodata        0x000000000002bf90        0x4 Output/Release/Obj/ble_app_blinky_pca10056_s140/app_timer2.o
 .rodata.m_app_timer_sortlist
                0x000000000002bf94        0xc Output/Release/Obj/ble_app_blinky_pca10056_s140/app_timer2.o
 .rodata.drv_rtc_init.str1.1
                0x000000000002bfa0       0x34 Output/Release/Obj/ble_app_blinky_pca10056_s140/drv_rtc.o
 *fill*         0x000000000002bfd4        0xc 
 .rodata.delay_machine_code.8432
                0x000000000002bfe0        0x6 Output/Release/Obj/ble_app_blinky_pca10056_s140/drv_rtc.o
 .rodata._aV2C.7934
                0x000000000002bfe6       0x10 Output/Release/Obj/ble_app_blinky_pca10056_s140/nrf_fprintf_format.o
 .rodata.str1.1
                0x000000000002bff6        0x9 Output/Release/Obj/ble_app_blinky_pca10056_s140/nrf_pwr_mgmt.o
 *fill*         0x000000000002bfff        0x1 
 .rodata.pwr_mgmt_data
                0x000000000002c000        0xc Output/Release/Obj/ble_app_blinky_pca10056_s140/nrf_pwr_mgmt.o
 .rodata.str1.1
                0x000000000002c00c        0x9 Output/Release/Obj/ble_app_blinky_pca10056_s140/nrf_sortlist.o
 .rodata.str1.1
                0x000000000002c015      0x3ba Output/Release/Obj/ble_app_blinky_pca10056_s140/nrf_strerror.o
 .rodata.m_unknown_str
                0x000000000002c3cf       0x13 Output/Release/Obj/ble_app_blinky_pca10056_s140/nrf_strerror.o
 *fill*         0x000000000002c3e2        0x2 
 .rodata.nrf_strerror_array
                0x000000000002c3e4      0x128 Output/Release/Obj/ble_app_blinky_pca10056_s140/nrf_strerror.o
 .rodata.CSWTCH.15
                0x000000000002c50c        0x6 Output/Release/Obj/ble_app_blinky_pca10056_s140/system_nrf52840.o
 .rodata.CSWTCH.6
                0x000000000002c512        0x6 Output/Release/Obj/ble_app_blinky_pca10056_s140/system_nrf52840.o
 .rodata.m_board_led_list
                0x000000000002c518        0x4 Output/Release/Obj/ble_app_blinky_pca10056_s140/boards.o
 .rodata.str1.1
                0x000000000002c51c        0x6 Output/Release/Obj/ble_app_blinky_pca10056_s140/nrf_drv_clock.o
 .rodata.str1.1
                0x000000000002c522        0x6 Output/Release/Obj/ble_app_blinky_pca10056_s140/nrfx_clock.o
 .rodata.str1.1
                0x000000000002c528        0x7 Output/Release/Obj/ble_app_blinky_pca10056_s140/nrfx_gpiote.o
 .rodata.str1.1
                0x000000000002c52f        0x4 Output/Release/Obj/ble_app_blinky_pca10056_s140/nrfx_prs.o
 .rodata.str1.1
                0x000000000002c533        0x5 Output/Release/Obj/ble_app_blinky_pca10056_s140/nrfx_uart.o
 .rodata.str1.1
                0x000000000002c538        0x6 Output/Release/Obj/ble_app_blinky_pca10056_s140/nrfx_uarte.o
 .rodata.ble_evt_handler.str1.1
                0x000000000002c53e       0x17 Output/Release/Obj/ble_app_blinky_pca10056_s140/main.o
 .rodata.button_event_handler.str1.1
                0x000000000002c555       0x1a Output/Release/Obj/ble_app_blinky_pca10056_s140/main.o
 .rodata.led_write_handler.str1.1
                0x000000000002c56f       0x23 Output/Release/Obj/ble_app_blinky_pca10056_s140/main.o
 .rodata.main.str1.1
                0x000000000002c592       0x26 Output/Release/Obj/ble_app_blinky_pca10056_s140/main.o
 .rodata.data_length_update.str1.1
                0x000000000002c5b8       0xdf Output/Release/Obj/ble_app_blinky_pca10056_s140/nrf_ble_gatt.o
 .rodata.nrf_ble_gatt_on_ble_evt.str1.1
                0x000000000002c697       0x60 Output/Release/Obj/ble_app_blinky_pca10056_s140/nrf_ble_gatt.o
 .rodata.str1.1
                0x000000000002c6f7        0xd Output/Release/Obj/ble_app_blinky_pca10056_s140/nrf_ble_gatt.o